 lzo2

 Timestamp is 6432d040 (Sun Apr  9 22:48:32 2023)

 Preferred load address is 0000000180000000

 Start         Length     Name                   Class
 0001:00000000 00023390H .text$mn                CODE
 0001:00023390 00000040H .text$mn$00             CODE
 0001:000233d0 000004a0H .text$x                 CODE
 0002:00000000 00000248H .idata$5                DATA
 0002:00000248 00000038H .00cfg                  DATA
 0002:00000280 00000008H .CRT$XCA                DATA
 0002:00000288 00000008H .CRT$XCZ                DATA
 0002:00000290 00000008H .CRT$XIA                DATA
 0002:00000298 00000018H .CRT$XIC                DATA
 0002:000002b0 00000008H .CRT$XIZ                DATA
 0002:000002b8 00000008H .CRT$XPA                DATA
 0002:000002c0 00000010H .CRT$XPX                DATA
 0002:000002d0 00000008H .CRT$XPXA               DATA
 0002:000002d8 00000008H .CRT$XPZ                DATA
 0002:000002e0 00000008H .CRT$XTA                DATA
 0002:000002e8 00000008H .CRT$XTZ                DATA
 0002:000002f0 00000000H .gehcont$y              DATA
 0002:000002f0 00000000H .gfids$y                DATA
 0002:000002f0 00008090H .rdata                  DATA
 0002:00008380 00000000H .rdata$CastGuardVftablesA DATA
 0002:00008380 00000000H .rdata$CastGuardVftablesC DATA
 0002:00008380 0000016cH .rdata$r                DATA
 0002:000084ec 00000540H .rdata$voltmd           DATA
 0002:00008a2c 000002ccH .rdata$zzzdbg           DATA
 0002:00008cf8 00000008H .rtc$IAA                DATA
 0002:00008d00 00000008H .rtc$IZZ                DATA
 0002:00008d08 00000008H .rtc$TAA                DATA
 0002:00008d10 00000008H .rtc$TZZ                DATA
 0002:00008d18 00001770H .xdata                  DATA
 0002:0000a488 00000088H .xdata$x                DATA
 0002:0000a510 00000a7cH .edata                  DATA
 0002:0000af8c 00000014H .idata$2                DATA
 0002:0000afa0 00000018H .idata$3                DATA
 0002:0000afb8 00000248H .idata$4                DATA
 0002:0000b200 0000053eH .idata$6                DATA
 0003:00000000 000009e0H .data                   DATA
 0003:000009e0 00000050H .data$r                 DATA
 0003:00000a30 00000020H .data$rs                DATA
 0003:00000a50 000011a0H .bss                    DATA
 0004:00000000 000019ecH .pdata                  DATA
 0005:00000000 0000015cH _RDATA                  DATA

  Address         Publics by Value              Rva+Base               Lib:Object

 0000:00000000       __AbsoluteZero             0000000000000000     <absolute>
 0000:00000000       ___safe_se_handler_count   0000000000000000     <absolute>
 0000:00000000       ___safe_se_handler_table   0000000000000000     <absolute>
 0000:00000000       __arm64x_extra_rfe_table   0000000000000000     <absolute>
 0000:00000000       __arm64x_extra_rfe_table_size 0000000000000000     <absolute>
 0000:00000000       __arm64x_native_entrypoint 0000000000000000     <absolute>
 0000:00000000       __arm64x_redirection_metadata 0000000000000000     <absolute>
 0000:00000000       __arm64x_redirection_metadata_count 0000000000000000     <absolute>
 0000:00000000       __dynamic_value_reloc_table 0000000000000000     <absolute>
 0000:00000000       __enclave_config           0000000000000000     <absolute>
 0000:00000000       __guard_check_icall_a64n_fptr 0000000000000000     <absolute>
 0000:00000000       __guard_eh_cont_count      0000000000000000     <absolute>
 0000:00000000       __guard_eh_cont_table      0000000000000000     <absolute>
 0000:00000000       __guard_fids_count         0000000000000000     <absolute>
 0000:00000000       __guard_fids_table         0000000000000000     <absolute>
 0000:00000000       __guard_iat_count          0000000000000000     <absolute>
 0000:00000000       __guard_iat_table          0000000000000000     <absolute>
 0000:00000000       __guard_longjmp_count      0000000000000000     <absolute>
 0000:00000000       __guard_longjmp_table      0000000000000000     <absolute>
 0000:00000000       __hybrid_auxiliary_iat     0000000000000000     <absolute>
 0000:00000000       __hybrid_auxiliary_iat_copy 0000000000000000     <absolute>
 0000:00000000       __hybrid_code_map          0000000000000000     <absolute>
 0000:00000000       __hybrid_code_map_count    0000000000000000     <absolute>
 0000:00000000       __x64_code_ranges_to_entry_points 0000000000000000     <absolute>
 0000:00000000       __x64_code_ranges_to_entry_points_count 0000000000000000     <absolute>
 0000:00000100       __guard_flags              0000000000000100     <absolute>
 0000:00000000       __ImageBase                0000000180000000     <linker-defined>
 0001:000002d0       lzo1_compress              00000001800012d0 f   lzo1.obj
 0001:00000330       lzo1_decompress            0000000180001330 f   lzo1.obj
 0001:00000480       lzo1_info                  0000000180001480 f   lzo1.obj
 0001:00000480       lzo1a_info                 0000000180001480 f   lzo1a.obj
 0001:00000b30       lzo1_99_compress           0000000180001b30 f   lzo1_99.obj
 0001:00000ed0       lzo1a_compress             0000000180001ed0 f   lzo1a.obj
 0001:00000f30       lzo1a_decompress           0000000180001f30 f   lzo1a.obj
 0001:00001830       lzo1a_99_compress          0000000180002830 f   lzo1a_99.obj
 0001:00001c50       lzo1b_1_compress           0000000180002c50 f   lzo1b_1.obj
 0001:00002050       lzo1b_2_compress           0000000180003050 f   lzo1b_2.obj
 0001:00002480       lzo1b_3_compress           0000000180003480 f   lzo1b_3.obj
 0001:00002930       lzo1b_4_compress           0000000180003930 f   lzo1b_4.obj
 0001:00002e00       lzo1b_5_compress           0000000180003e00 f   lzo1b_5.obj
 0001:000033a0       lzo1b_6_compress           00000001800043a0 f   lzo1b_6.obj
 0001:00003870       lzo1b_7_compress           0000000180004870 f   lzo1b_7.obj
 0001:00003f00       lzo1b_8_compress           0000000180004f00 f   lzo1b_8.obj
 0001:000044d0       lzo1b_9_compress           00000001800054d0 f   lzo1b_9.obj
 0001:000049e0       lzo1b_99_compress          00000001800059e0 f   lzo1b_99.obj
 0001:00004af0       lzo1b_999_compress         0000000180005af0 f   lzo1b_9x.obj
 0001:00004b20       lzo1b_999_compress_callback 0000000180005b20 f   lzo1b_9x.obj
 0001:00005750       _lzo1b_do_compress         0000000180006750 f   lzo1b_cc.obj
 0001:00005750       _lzo1c_do_compress         0000000180006750 f   lzo1c_cc.obj
 0001:000057d0       lzo1b_decompress           00000001800067d0 f   lzo1b_d1.obj
 0001:00005a80       lzo1b_decompress_safe      0000000180006a80 f   lzo1b_d2.obj
 0001:00005ea0       _lzo1b_store_run           0000000180006ea0 f   lzo1b_rr.obj
 0001:00005ea0       _lzo1c_store_run           0000000180006ea0 f   lzo1c_rr.obj
 0001:000060a0       lzo1b_compress             00000001800070a0 f   lzo1b_xx.obj
 0001:000064a0       lzo1c_1_compress           00000001800074a0 f   lzo1c_1.obj
 0001:00006930       lzo1c_2_compress           0000000180007930 f   lzo1c_2.obj
 0001:00006e30       lzo1c_3_compress           0000000180007e30 f   lzo1c_3.obj
 0001:00007310       lzo1c_4_compress           0000000180008310 f   lzo1c_4.obj
 0001:00007820       lzo1c_5_compress           0000000180008820 f   lzo1c_5.obj
 0001:00007e00       lzo1c_6_compress           0000000180008e00 f   lzo1c_6.obj
 0001:00008310       lzo1c_7_compress           0000000180009310 f   lzo1c_7.obj
 0001:000089e0       lzo1c_8_compress           00000001800099e0 f   lzo1c_8.obj
 0001:00008fd0       lzo1c_9_compress           0000000180009fd0 f   lzo1c_9.obj
 0001:00009510       lzo1c_99_compress          000000018000a510 f   lzo1c_99.obj
 0001:00009620       lzo1c_999_compress         000000018000a620 f   lzo1c_9x.obj
 0001:00009650       lzo1c_999_compress_callback 000000018000a650 f   lzo1c_9x.obj
 0001:0000a240       lzo1c_decompress           000000018000b240 f   lzo1c_d1.obj
 0001:0000a530       lzo1c_decompress_safe      000000018000b530 f   lzo1c_d2.obj
 0001:0000a980       lzo1c_compress             000000018000b980 f   lzo1c_xx.obj
 0001:0000ae60       lzo1f_1_compress           000000018000be60 f   lzo1f_1.obj
 0001:0000afc0       lzo1f_999_compress         000000018000bfc0 f   lzo1f_9x.obj
 0001:0000aff0       lzo1f_999_compress_callback 000000018000bff0 f   lzo1f_9x.obj
 0001:0000b4f0       lzo1f_decompress           000000018000c4f0 f   lzo1f_d1.obj
 0001:0000b760       lzo1f_decompress_safe      000000018000c760 f   lzo1f_d2.obj
 0001:0000bb60       lzo1x_1_compress           000000018000cb60 f   lzo1x_1.obj
 0001:0000c0e0       lzo1x_1_11_compress        000000018000d0e0 f   lzo1x_1k.obj
 0001:0000c660       lzo1x_1_12_compress        000000018000d660 f   lzo1x_1l.obj
 0001:0000cbe0       lzo1x_1_15_compress        000000018000dbe0 f   lzo1x_1o.obj
 0001:0000d700       lzo1x_999_compress         000000018000e700 f   lzo1x_9x.obj
 0001:0000d760       lzo1x_999_compress_dict    000000018000e760 f   lzo1x_9x.obj
 0001:0000d7b0       lzo1x_999_compress_internal 000000018000e7b0 f   lzo1x_9x.obj
 0001:0000dd60       lzo1x_999_compress_level   000000018000ed60 f   lzo1x_9x.obj
 0001:0000eb60       lzo1x_decompress           000000018000fb60 f   lzo1x_d1.obj
 0001:0000ef10       lzo1x_decompress_safe      000000018000ff10 f   lzo1x_d2.obj
 0001:0000f450       lzo1x_decompress_dict_safe 0000000180010450 f   lzo1x_d3.obj
 0001:0000fac0       lzo1x_optimize             0000000180010ac0 f   lzo1x_o.obj
 0001:00010110       lzo1y_1_compress           0000000180011110 f   lzo1y_1.obj
 0001:00010a30       lzo1y_999_compress         0000000180011a30 f   lzo1y_9x.obj
 0001:00010a90       lzo1y_999_compress_dict    0000000180011a90 f   lzo1y_9x.obj
 0001:00010ae0       lzo1y_999_compress_internal 0000000180011ae0 f   lzo1y_9x.obj
 0001:00011090       lzo1y_999_compress_level   0000000180012090 f   lzo1y_9x.obj
 0001:00011140       lzo1y_decompress           0000000180012140 f   lzo1y_d1.obj
 0001:000114f0       lzo1y_decompress_safe      00000001800124f0 f   lzo1y_d2.obj
 0001:00011a30       lzo1y_decompress_dict_safe 0000000180012a30 f   lzo1y_d3.obj
 0001:000120a0       lzo1y_optimize             00000001800130a0 f   lzo1y_o.obj
 0001:00012b30       lzo1z_999_compress         0000000180013b30 f   lzo1z_9x.obj
 0001:00012b90       lzo1z_999_compress_dict    0000000180013b90 f   lzo1z_9x.obj
 0001:00012be0       lzo1z_999_compress_internal 0000000180013be0 f   lzo1z_9x.obj
 0001:00013350       lzo1z_999_compress_level   0000000180014350 f   lzo1z_9x.obj
 0001:00013400       lzo1z_decompress           0000000180014400 f   lzo1z_d1.obj
 0001:000137e0       lzo1z_decompress_safe      00000001800147e0 f   lzo1z_d2.obj
 0001:00013d50       lzo1z_decompress_dict_safe 0000000180014d50 f   lzo1z_d3.obj
 0001:000144c0       lzo2a_999_compress         00000001800154c0 f   lzo2a_9x.obj
 0001:000144f0       lzo2a_999_compress_callback 00000001800154f0 f   lzo2a_9x.obj
 0001:00015400       lzo2a_decompress           0000000180016400 f   lzo2a_d1.obj
 0001:000155a0       lzo2a_decompress_safe      00000001800165a0 f   lzo2a_d2.obj
 0001:00015850       lzo_crc32                  0000000180016850 f   lzo_crc.obj
 0001:00015a00       lzo_get_crc32_table        0000000180016a00 f   lzo_crc.obj
 0001:00015a10       __lzo_init_v2              0000000180016a10 f   lzo_init.obj
 0001:00015aa0       _lzo_config_check          0000000180016aa0 f   lzo_init.obj
 0001:00015d10       __lzo_align_gap            0000000180016d10 f   lzo_ptr.obj
 0001:00015d30       __lzo_ptr_linear           0000000180016d30 f   lzo_ptr.obj
 0001:00015d40       lzo_memcmp                 0000000180016d40 f   lzo_str.obj
 0001:00015d50       lzo_memcpy                 0000000180016d50 f   lzo_str.obj
 0001:00015d50       lzo_memmove                0000000180016d50 f   lzo_str.obj
 0001:00015d60       lzo_memset                 0000000180016d60 f   lzo_str.obj
 0001:00015d70       _lzo_version_date          0000000180016d70 f   lzo_util.obj
 0001:00015d70       lzo_version_date           0000000180016d70 f   lzo_util.obj
 0001:00015d80       _lzo_version_string        0000000180016d80 f   lzo_util.obj
 0001:00015d80       lzo_version_string         0000000180016d80 f   lzo_util.obj
 0001:00015d90       lzo_adler32                0000000180016d90 f   lzo_util.obj
 0001:00015ef0       lzo_copyright              0000000180016ef0 f   lzo_util.obj
 0001:00015f00       lzo_version                0000000180016f00 f   lzo_util.obj
 0001:00015f08       __GSHandlerCheck           0000000180016f08 f   LIBCMT:gshandler.obj
 0001:00015f28       __GSHandlerCheckCommon     0000000180016f28 f   LIBCMT:gshandler.obj
 0001:00015fa0       __security_check_cookie    0000000180016fa0 f   LIBCMT:amdsecgs.obj
 0001:000162e0       _DllMainCRTStartup         00000001800172e0 f   LIBCMT:dll_dllmain.obj
 0001:00016320       __raise_securityfailure    0000000180017320 f   LIBCMT:gs_report.obj
 0001:00016354       __report_gsfailure         0000000180017354 f   LIBCMT:gs_report.obj
 0001:00016428       __report_rangecheckfailure 0000000180017428 f   LIBCMT:gs_report.obj
 0001:0001643c       __report_securityfailure   000000018001743c f   LIBCMT:gs_report.obj
 0001:000165bc       __security_init_cookie     00000001800175bc f   LIBCMT:gs_support.obj
 0001:00016668       DllMain                    0000000180017668 f   LIBCMT:dll_dllmain_stub.obj
 0001:00016668       _get_startup_argv_mode     0000000180017668 f   LIBCMT:argv_mode.obj
 0001:00016670       ?__scrt_initialize_type_info@@YAXXZ 0000000180017670 f   LIBCMT:tncleanup.obj
 0001:00016680       ?__scrt_uninitialize_type_info@@YAXXZ 0000000180017680 f   LIBCMT:tncleanup.obj
 0001:0001668c       __local_stdio_printf_options 000000018001768c f i LIBCMT:default_local_stdio_options.obj
 0001:00016694       __local_stdio_scanf_options 0000000180017694 f i LIBCMT:default_local_stdio_options.obj
 0001:0001669c       __scrt_initialize_default_local_stdio_options 000000018001769c f   LIBCMT:default_local_stdio_options.obj
 0001:000166b8       __scrt_acquire_startup_lock 00000001800176b8 f   LIBCMT:utility.obj
 0001:000166f4       __scrt_dllmain_after_initialize_c 00000001800176f4 f   LIBCMT:utility.obj
 0001:00016728       __scrt_dllmain_before_initialize_c 0000000180017728 f   LIBCMT:utility.obj
 0001:00016740       __scrt_dllmain_crt_thread_attach 0000000180017740 f   LIBCMT:utility.obj
 0001:00016768       __scrt_dllmain_crt_thread_detach 0000000180017768 f   LIBCMT:utility.obj
 0001:00016780       __scrt_dllmain_exception_filter 0000000180017780 f   LIBCMT:utility.obj
 0001:000167e0       __scrt_dllmain_uninitialize_c 00000001800177e0 f   LIBCMT:utility.obj
 0001:00016810       __scrt_dllmain_uninitialize_critical 0000000180017810 f   LIBCMT:utility.obj
 0001:00016824       __scrt_initialize_crt      0000000180017824 f   LIBCMT:utility.obj
 0001:00016870       __scrt_initialize_onexit_tables 0000000180017870 f   LIBCMT:utility.obj
 0001:000168fc       __scrt_is_nonwritable_in_current_image 00000001800178fc f   LIBCMT:utility.obj
 0001:00016994       __scrt_release_startup_lock 0000000180017994 f   LIBCMT:utility.obj
 0001:000169b8       __scrt_uninitialize_crt    00000001800179b8 f   LIBCMT:utility.obj
 0001:000169e4       __scrt_get_dyn_tls_init_callback 00000001800179e4 f   LIBCMT:dyn_tls_init.obj
 0001:000169ec       __crt_debugger_hook        00000001800179ec f   LIBCMT:utility_desktop.obj
 0001:000169f4       __scrt_fastfail            00000001800179f4 f   LIBCMT:utility_desktop.obj
 0001:00016b40       _RTC_Initialize            0000000180017b40 f   LIBCMT:initsect.obj
 0001:00016b7c       _RTC_Terminate             0000000180017b7c f   LIBCMT:initsect.obj
 0001:00016bb8       _guard_check_icall_nop     0000000180017bb8 f i LIBCMT:guard_support.obj
 0001:00016bbc       __isa_available_init       0000000180017bbc f   LIBCMT:cpu_disp.obj
 0001:00016d68       __scrt_is_ucrt_dll_in_use  0000000180017d68 f   LIBCMT:ucrt_detection.obj
 0001:00016d90       memcpy_repmovs             0000000180017d90 f   libvcruntime:memcpy.obj
 0001:00016db0       memcpy                     0000000180017db0 f   libvcruntime:memcpy.obj
 0001:00016db0       memmove                    0000000180017db0 f   libvcruntime:memcpy.obj
 0001:00017440       memset_repstos             0000000180018440 f   libvcruntime:memset.obj
 0001:00017460       memset                     0000000180018460 f   libvcruntime:memset.obj
 0001:00017800       memcmp                     0000000180018800 f   libvcruntime:memcmp.obj
 0001:000178c8       __C_specific_handler       00000001800188c8 f   libvcruntime:riscchandler.obj
 0001:00017ac0       __std_type_info_compare    0000000180018ac0 f   libvcruntime:std_type_info.obj
 0001:00017ae8       __std_type_info_destroy_list 0000000180018ae8 f   libvcruntime:std_type_info.obj
 0001:00017b14       __vcrt_initialize          0000000180018b14 f   libvcruntime:initialization.obj
 0001:00017b3c       __vcrt_thread_attach       0000000180018b3c f   libvcruntime:initialization.obj
 0001:00017b50       __vcrt_thread_detach       0000000180018b50 f   libvcruntime:initialization.obj
 0001:00017b64       __vcrt_uninitialize        0000000180018b64 f   libvcruntime:initialization.obj
 0001:00017b80       __vcrt_uninitialize_critical 0000000180018b80 f   libvcruntime:initialization.obj
 0001:00017b90       __DestructExceptionObject  0000000180018b90 f   libvcruntime:ehhelpers.obj
 0001:00017c00       ?_CallMemberFunction0@@YAXQEAX0@Z 0000000180018c00 f i libvcruntime:ehhelpers.obj
 0001:00017c04       _IsExceptionObjectToBeDestroyed 0000000180018c04 f   libvcruntime:ehhelpers.obj
 0001:00017c34       __AdjustPointer            0000000180018c34 f   libvcruntime:ehhelpers.obj
 0001:00017c58       __FrameUnwindFilter        0000000180018c58 f   libvcruntime:ehhelpers.obj
 0001:00017cc0       __std_terminate            0000000180018cc0 f   libvcruntime:ehhelpers.obj
 0001:00017ce0       _NLG_Notify                0000000180018ce0 f   libvcruntime:notify.obj
 0001:00017d00       __NLG_Dispatch2            0000000180018d00 f   libvcruntime:notify.obj
 0001:00017d10       __NLG_Return2              0000000180018d10 f   libvcruntime:notify.obj
 0001:00017d14       __except_validate_context_record 0000000180018d14 f   libvcruntime:jbcxrval.obj
 0001:00017d4c       __vcrt_freefls             0000000180018d4c f   libvcruntime:per_thread_data.obj
 0001:00017d6c       __vcrt_freeptd             0000000180018d6c f   libvcruntime:per_thread_data.obj
 0001:00017dbc       __vcrt_getptd              0000000180018dbc f   libvcruntime:per_thread_data.obj
 0001:00017dd8       __vcrt_getptd_noexit       0000000180018dd8 f   libvcruntime:per_thread_data.obj
 0001:00017e98       __vcrt_initialize_ptd      0000000180018e98 f   libvcruntime:per_thread_data.obj
 0001:00017ee0       __vcrt_uninitialize_ptd    0000000180018ee0 f   libvcruntime:per_thread_data.obj
 0001:00017f04       __vcrt_initialize_locks    0000000180018f04 f   libvcruntime:locks.obj
 0001:00017f4c       __vcrt_uninitialize_locks  0000000180018f4c f   libvcruntime:locks.obj
 0001:00017f84       ??$_CallSETranslator@V__FrameHandler3@@@@YAHPEAUEHExceptionRecord@@PEA_KPEAU_CONTEXT@@PEAU_xDISPATCHER_CONTEXT@@PEBU_s_FuncInfo@@K1H@Z 0000000180018f84 f i libvcruntime:risctrnsctrl.obj
 0001:00017fd8       ?CatchTryBlock@__FrameHandler3@@SAPEBU_s_TryBlockMapEntry@@PEBU_s_FuncInfo@@H@Z 0000000180018fd8 f   libvcruntime:risctrnsctrl.obj
 0001:0001803c       ?ExecutionInCatch@__FrameHandler3@@SA_NPEAU_xDISPATCHER_CONTEXT@@PEBU_s_FuncInfo@@@Z 000000018001903c f   libvcruntime:risctrnsctrl.obj
 0001:00018068       ?FrameUnwindToEmptyState@__FrameHandler3@@SAXPEA_KPEAU_xDISPATCHER_CONTEXT@@PEBU_s_FuncInfo@@@Z 0000000180019068 f   libvcruntime:risctrnsctrl.obj
 0001:000180cc       ?GetEstablisherFrame@__FrameHandler3@@SAPEA_KPEA_KPEAU_xDISPATCHER_CONTEXT@@PEBU_s_FuncInfo@@0@Z 00000001800190cc f   libvcruntime:risctrnsctrl.obj
 0001:00018198       ?GetRangeOfTrysToCheck@__FrameHandler3@@SA?AU?$pair@Viterator@TryBlockMap@__FrameHandler3@@V123@@std@@AEAVTryBlockMap@1@HPEAU_xDISPATCHER_CONTEXT@@PEBU_s_FuncInfo@@H@Z 0000000180019198 f   libvcruntime:risctrnsctrl.obj
 0001:000182d8       ?UnwindNestedFrames@__FrameHandler3@@SAXPEA_KPEAUEHExceptionRecord@@PEAU_CONTEXT@@0PEAXPEBU_s_FuncInfo@@HHPEBU_s_HandlerType@@PEAU_xDISPATCHER_CONTEXT@@E@Z 00000001800192d8 f   libvcruntime:risctrnsctrl.obj
 0001:000183dc       _CreateFrameInfo           00000001800193dc f   libvcruntime:risctrnsctrl.obj
 0001:00018418       _FindAndUnlinkFrame        0000000180019418 f   libvcruntime:risctrnsctrl.obj
 0001:0001846c       _GetImageBase              000000018001946c f   libvcruntime:risctrnsctrl.obj
 0001:00018480       _GetThrowImageBase         0000000180019480 f   libvcruntime:risctrnsctrl.obj
 0001:00018494       _SetImageBase              0000000180019494 f   libvcruntime:risctrnsctrl.obj
 0001:000184ac       _SetThrowImageBase         00000001800194ac f   libvcruntime:risctrnsctrl.obj
 0001:000184c4       __CxxFrameHandler3         00000001800194c4 f   libvcruntime:risctrnsctrl.obj
 0001:0001869c       __vcrt_FlsAlloc            000000018001969c f   libvcruntime:winapi_downlevel.obj
 0001:000186e4       __vcrt_FlsFree             00000001800196e4 f   libvcruntime:winapi_downlevel.obj
 0001:0001872c       __vcrt_FlsGetValue         000000018001972c f   libvcruntime:winapi_downlevel.obj
 0001:00018774       __vcrt_FlsSetValue         0000000180019774 f   libvcruntime:winapi_downlevel.obj
 0001:000187c8       __vcrt_InitializeCriticalSectionEx 00000001800197c8 f   libvcruntime:winapi_downlevel.obj
 0001:0001882c       ?GetCurrentState@__FrameHandler3@@SAHPEA_KPEAU_xDISPATCHER_CONTEXT@@PEBU_s_FuncInfo@@@Z 000000018001982c f   libvcruntime:ehstate.obj
 0001:00018854       ?GetUnwindTryBlock@__FrameHandler3@@SAHPEA_KPEAU_xDISPATCHER_CONTEXT@@PEBU_s_FuncInfo@@@Z 0000000180019854 f   libvcruntime:ehstate.obj
 0001:00018880       ?SetState@__FrameHandler3@@SAXPEA_KPEBU_s_FuncInfo@@H@Z 0000000180019880 f   libvcruntime:ehstate.obj
 0001:0001888c       ?SetUnwindTryBlock@__FrameHandler3@@SAXPEA_KPEAU_xDISPATCHER_CONTEXT@@PEBU_s_FuncInfo@@H@Z 000000018001988c f   libvcruntime:ehstate.obj
 0001:000188c8       ?StateFromControlPc@__FrameHandler3@@SAHPEBU_s_FuncInfo@@PEAU_xDISPATCHER_CONTEXT@@@Z 00000001800198c8 f   libvcruntime:ehstate.obj
 0001:000188d0       ?StateFromIp@__FrameHandler3@@SAHPEBU_s_FuncInfo@@PEAU_xDISPATCHER_CONTEXT@@_K@Z 00000001800198d0 f   libvcruntime:ehstate.obj
 0001:000193c0       ??$TypeMatchHelper@V__FrameHandler3@@@@YAHPEBU_s_HandlerType@@PEBU_s_CatchableType@@PEBU_s_ThrowInfo@@@Z 000000018001a3c0 f i libvcruntime:frame.obj
 0001:00019500       ??$__InternalCxxFrameHandler@V__FrameHandler3@@@@YA?AW4_EXCEPTION_DISPOSITION@@PEAUEHExceptionRecord@@PEA_KPEAU_CONTEXT@@PEAU_xDISPATCHER_CONTEXT@@PEBU_s_FuncInfo@@H1E@Z 000000018001a500 f i libvcruntime:frame.obj
 0001:00019738       ??$__InternalCxxFrameHandlerWrapper@V__FrameHandler3@@@@YA?AW4_EXCEPTION_DISPOSITION@@PEAUEHExceptionRecord@@PEA_KPEAU_CONTEXT@@PEAU_xDISPATCHER_CONTEXT@@PEBU_s_FuncInfo@@H1E@Z 000000018001a738 f i libvcruntime:frame.obj
 0001:00019740       ??0bad_exception@std@@QEAA@AEBV01@@Z 000000018001a740 f i libvcruntime:frame.obj
 0001:0001977c       ??0bad_exception@std@@QEAA@XZ 000000018001a77c f i libvcruntime:frame.obj
 0001:0001979c       ??0exception@std@@QEAA@AEBV01@@Z 000000018001a79c f i libvcruntime:frame.obj
 0001:000197d0       ??1bad_exception@std@@UEAA@XZ 000000018001a7d0 f i libvcruntime:frame.obj
 0001:000197e4       ??_Ebad_exception@std@@UEAAPEAXI@Z 000000018001a7e4 f i libvcruntime:frame.obj
 0001:000197e4       ??_Eexception@std@@UEAAPEAXI@Z 000000018001a7e4 f i libvcruntime:frame.obj
 0001:000197e4       ??_Gbad_exception@std@@UEAAPEAXI@Z 000000018001a7e4 f i libvcruntime:frame.obj
 0001:000197e4       ??_Gexception@std@@UEAAPEAXI@Z 000000018001a7e4 f i libvcruntime:frame.obj
 0001:00019828       ?CxxCallCatchBlock@__FrameHandler3@@SAPEAXPEAU_EXCEPTION_RECORD@@@Z 000000018001a828 f   libvcruntime:frame.obj
 0001:00019a9c       ?FrameUnwindToState@__FrameHandler3@@SAXPEA_KPEAU_xDISPATCHER_CONTEXT@@PEBU_s_FuncInfo@@H@Z 000000018001aa9c f   libvcruntime:frame.obj
 0001:00019c28       ?GetHandlerSearchState@__FrameHandler3@@SAHPEA_KPEAU_xDISPATCHER_CONTEXT@@PEBU_s_FuncInfo@@@Z 000000018001ac28 f i libvcruntime:frame.obj
 0001:00019e38       ?_CallMemberFunction1@@YAXQEAX00@Z 000000018001ae38 f i libvcruntime:frame.obj
 0001:00019e44       ?_CallMemberFunction2@@YAXQEAX00H@Z 000000018001ae44 f i libvcruntime:frame.obj
 0001:00019e54       ?what@exception@std@@UEBAPEBDXZ 000000018001ae54 f i libvcruntime:frame.obj
 0001:00019e80       _CallSettingFrame          000000018001ae80 f   libvcruntime:handlers.obj
 0001:00019ed0       _CallSettingFrame_LookupContinuationIndex 000000018001aed0 f   libvcruntime:handlers.obj
 0001:00019f00       _CallSettingFrame_NotifyContinuationAddr 000000018001af00 f   libvcruntime:handlers.obj
 0001:00019f30       _CallSettingFrameEncoded   000000018001af30 f   libvcruntime:handlers.obj
 0001:00019f78       __std_exception_copy       000000018001af78 f   libvcruntime:std_exception.obj
 0001:0001a008       __std_exception_destroy    000000018001b008 f   libvcruntime:std_exception.obj
 0001:0001a030       _CxxThrowException         000000018001b030 f   libvcruntime:throw.obj
 0001:0001a0d0       _initterm                  000000018001b0d0 f   libucrt:initterm.obj
 0001:0001a114       _initterm_e                000000018001b114 f   libucrt:initterm.obj
 0001:0001a15c       _seh_filter_dll            000000018001b15c f   libucrt:exception_filter.obj
 0001:0001a170       _seh_filter_exe            000000018001b170 f   libucrt:exception_filter.obj
 0001:0001a594       __acrt_initialize_thread_local_exit_callback 000000018001b594 f   libucrt:exit.obj
 0001:0001a59c       _cexit                     000000018001b59c f   libucrt:exit.obj
 0001:0001a5ac       _exit                      000000018001b5ac f   libucrt:exit.obj
 0001:0001a5b8       _is_c_termination_complete 000000018001b5b8 f   libucrt:exit.obj
 0001:0001a780       __acrt_allocate_buffer_for_argv 000000018001b780 f   libucrt:argv_parsing.obj
 0001:0001a7e0       _configure_narrow_argv     000000018001b7e0 f   libucrt:argv_parsing.obj
 0001:0001ab68       __dcrt_uninitialize_environments_nolock 000000018001bb68 f   libucrt:environment_initialization.obj
 0001:0001abac       _initialize_narrow_environment 000000018001bbac f   libucrt:environment_initialization.obj
 0001:0001ad10       _execute_onexit_table      000000018001bd10 f   libucrt:onexit.obj
 0001:0001ad54       _initialize_onexit_table   000000018001bd54 f   libucrt:onexit.obj
 0001:0001adb4       __acrt_uninitialize_command_line 000000018001bdb4 f   libucrt:argv_data.obj
 0001:0001aeac       __acrt_initialize          000000018001beac f   libucrt:initialization.obj
 0001:0001aec0       __acrt_thread_attach       000000018001bec0 f   libucrt:initialization.obj
 0001:0001aed4       __acrt_thread_detach       000000018001bed4 f   libucrt:initialization.obj
 0001:0001aee4       __acrt_uninitialize        000000018001bee4 f   libucrt:initialization.obj
 0001:0001af1c       __acrt_uninitialize_critical 000000018001bf1c f   libucrt:initialization.obj
 0001:0001af2c       terminate                  000000018001bf2c f   libucrt:terminate.obj
 0001:0001af58       free                       000000018001bf58 f   libucrt:free.obj
 0001:0001af6c       malloc                     000000018001bf6c f   libucrt:malloc.obj
 0001:0001af74       strcpy_s                   000000018001bf74 f   libucrt:strcpy_s.obj
 0001:0001afd4       abort                      000000018001bfd4 f   libucrt:abort.obj
 0001:0001b030       ?get_raw_ptd@__crt_cached_ptd_host@@QEAAPEAU__acrt_ptd@@XZ 000000018001c030 f i libucrt:output.obj
 0001:0001b0a0       ?update_locale_slow@__crt_cached_ptd_host@@AEAAXXZ 000000018001c0a0 f i libucrt:output.obj
 0001:0001b130       strncmp                    000000018001c130 f   libucrt:strncmp.obj
 0001:0001b1b0       calloc                     000000018001c1b0 f   libucrt:calloc.obj
 0001:0001b1b8       wcsncmp                    000000018001c1b8 f   libucrt:wcsncmp.obj
 0001:0001b55c       __acrt_freeptd             000000018001c55c f   libucrt:per_thread_data.obj
 0001:0001b5a0       __acrt_getptd              000000018001c5a0 f   libucrt:per_thread_data.obj
 0001:0001b674       __acrt_getptd_head         000000018001c674 f   libucrt:per_thread_data.obj
 0001:0001b718       __acrt_getptd_noexit       000000018001c718 f   libucrt:per_thread_data.obj
 0001:0001b7e0       __acrt_getptd_noexit_explicit 000000018001c7e0 f   libucrt:per_thread_data.obj
 0001:0001b8a0       __acrt_initialize_ptd      000000018001c8a0 f   libucrt:per_thread_data.obj
 0001:0001b8dc       __acrt_uninitialize_ptd    000000018001c8dc f   libucrt:per_thread_data.obj
 0001:0001b900       __acrt_initialize_locks    000000018001c900 f   libucrt:locks.obj
 0001:0001b948       __acrt_lock                000000018001c948 f   libucrt:locks.obj
 0001:0001b964       __acrt_uninitialize_locks  000000018001c964 f   libucrt:locks.obj
 0001:0001b99c       __acrt_unlock              000000018001c99c f   libucrt:locks.obj
 0001:0001b9b8       __acrt_get_process_end_policy 000000018001c9b8 f   libucrt:win_policies.obj
 0001:0001b9f4       ?get_raw_ptd_noexit@__crt_cached_ptd_host@@QEAAPEAU__acrt_ptd@@XZ 000000018001c9f4 f i libucrt:invalid_parameter.obj
 0001:0001ba60       ?value@?$dual_state_global@P6AXPEB_W00I_K@Z@__crt_state_management@@QEAAAEAP6AXPEB_W00I_K@ZAEAV__crt_cached_ptd_host@@@Z 000000018001ca60 f i libucrt:invalid_parameter.obj
 0001:0001baac       __acrt_call_reportfault    000000018001caac f   libucrt:invalid_parameter.obj
 0001:0001bc08       __acrt_initialize_invalid_parameter_handler 000000018001cc08 f   libucrt:invalid_parameter.obj
 0001:0001bc10       _invalid_parameter         000000018001cc10 f   libucrt:invalid_parameter.obj
 0001:0001bcac       _invalid_parameter_internal 000000018001ccac f   libucrt:invalid_parameter.obj
 0001:0001bd7c       _invalid_parameter_noinfo  000000018001cd7c f   libucrt:invalid_parameter.obj
 0001:0001bd9c       _invoke_watson             000000018001cd9c f   libucrt:invalid_parameter.obj
 0001:0001bde4       __acrt_errno_from_os_error 000000018001cde4 f   libucrt:errno.obj
 0001:0001be2c       __acrt_errno_map_os_error  000000018001ce2c f   libucrt:errno.obj
 0001:0001be74       __acrt_errno_map_os_error_ptd 000000018001ce74 f   libucrt:errno.obj
 0001:0001be98       __doserrno                 000000018001ce98 f   libucrt:errno.obj
 0001:0001beb8       _errno                     000000018001ceb8 f   libucrt:errno.obj
 0001:0001bed8       _calloc_base               000000018001ced8 f   libucrt:calloc_base.obj
 0001:0001bf50       _free_base                 000000018001cf50 f   libucrt:free_base.obj
 0001:0001bfa0       ??$__acrt_convert_wcs_mbs_cp@D_WV<lambda_7c9dea7b4ca7285d2cdb541a38da6275>@@U__crt_win32_buffer_internal_dynamic_resizing@@@@YAHQEBDAEAV?$__crt_win32_buffer@_WU__crt_win32_buffer_internal_dynamic_resizing@@@@AEBV<lambda_7c9dea7b4ca7285d2cdb541a38da6275>@@I@Z 000000018001cfa0 f i libucrt:argv_wildcards.obj
 0001:0001c11c       ??$__acrt_convert_wcs_mbs_cp@_WDV<lambda_d8593a27d1aa8c02be35c86a17d324c4>@@U__crt_win32_buffer_internal_dynamic_resizing@@@@YAHQEB_WAEAV?$__crt_win32_buffer@DU__crt_win32_buffer_internal_dynamic_resizing@@@@AEBV<lambda_d8593a27d1aa8c02be35c86a17d324c4>@@I@Z 000000018001d11c f i libucrt:argv_wildcards.obj
 0001:0001c9c4       ??0_LocaleUpdate@@QEAA@QEAU__crt_locale_pointers@@@Z 000000018001d9c4 f i libucrt:argv_wildcards.obj
 0001:0001ca60       __acrt_expand_narrow_argv_wildcards 000000018001da60 f   libucrt:argv_wildcards.obj
 0001:0001ca68       ??$__acrt_convert_wcs_mbs_cp@_WDV<lambda_f788ae46380686e8b737efdd8c720d07>@@U__crt_win32_buffer_no_resizing@@@@YAHQEB_WAEAV?$__crt_win32_buffer@DU__crt_win32_buffer_no_resizing@@@@AEBV<lambda_f788ae46380686e8b737efdd8c720d07>@@I@Z 000000018001da68 f i libucrt:getmodulefilenamea.obj
 0001:0001cb84       __acrt_GetModuleFileNameA  000000018001db84 f   libucrt:getmodulefilenamea.obj
 0001:0001d4a0       __acrt_initialize_multibyte 000000018001e4a0 f   libucrt:mbctype.obj
 0001:0001d500       __acrt_update_thread_multibyte_data 000000018001e500 f   libucrt:mbctype.obj
 0001:0001d51c       _setmbcp_nolock            000000018001e51c f   libucrt:mbctype.obj
 0001:0001d850       _ismbblead                 000000018001e850 f   libucrt:ismbbyte.obj
 0001:0001d864       __acrt_initialize_command_line 000000018001e864 f   libucrt:argv_data.obj
 0001:0001d88c       __acrt_MultiByteToWideChar 000000018001e88c f   libucrt:multibytetowidechar.obj
 0001:0001d8e8       __acrt_WideCharToMultiByte 000000018001e8e8 f   libucrt:widechartomultibyte.obj
 0001:0001d998       __dcrt_get_narrow_environment_from_os 000000018001e998 f   libucrt:get_environment_from_os.obj
 0001:0001daa8       _recalloc_base             000000018001eaa8 f   libucrt:recalloc.obj
 0001:0001dd00       __acrt_AppPolicyGetProcessTerminationMethodInternal 000000018001ed00 f   libucrt:winapi_thunks.obj
 0001:0001dd58       __acrt_AreFileApisANSI     000000018001ed58 f   libucrt:winapi_thunks.obj
 0001:0001dd9c       __acrt_FlsAlloc            000000018001ed9c f   libucrt:winapi_thunks.obj
 0001:0001dda4       __acrt_FlsFree             000000018001eda4 f   libucrt:winapi_thunks.obj
 0001:0001ddac       __acrt_FlsGetValue         000000018001edac f   libucrt:winapi_thunks.obj
 0001:0001ddb4       __acrt_FlsSetValue         000000018001edb4 f   libucrt:winapi_thunks.obj
 0001:0001ddbc       __acrt_InitializeCriticalSectionEx 000000018001edbc f   libucrt:winapi_thunks.obj
 0001:0001de2c       __acrt_LCMapStringEx       000000018001ee2c f   libucrt:winapi_thunks.obj
 0001:0001df18       __acrt_LocaleNameToLCID    000000018001ef18 f   libucrt:winapi_thunks.obj
 0001:0001df78       __acrt_initialize_winapi_thunks 000000018001ef78 f   libucrt:winapi_thunks.obj
 0001:0001df9c       __acrt_uninitialize_winapi_thunks 000000018001ef9c f   libucrt:winapi_thunks.obj
 0001:0001dfe0       __acrt_initialize_heap     000000018001efe0 f   libucrt:heap_handle.obj
 0001:0001dffc       __acrt_uninitialize_heap   000000018001effc f   libucrt:heap_handle.obj
 0001:0001e200       __acrt_initialize_lowio    000000018001f200 f   libucrt:ioinit.obj
 0001:0001e23c       __acrt_uninitialize_lowio  000000018001f23c f   libucrt:ioinit.obj
 0001:0001e27c       __acrt_execute_initializers 000000018001f27c f   libucrt:shared_initialization.obj
 0001:0001e310       __acrt_execute_uninitializers 000000018001f310 f   libucrt:shared_initialization.obj
 0001:0001e358       __acrt_initialize_new_handler 000000018001f358 f   libucrt:new_handler.obj
 0001:0001e360       _callnewh                  000000018001f360 f   libucrt:new_handler.obj
 0001:0001e39c       _query_new_handler         000000018001f39c f   libucrt:new_handler.obj
 0001:0001e418       __acrt_get_sigabrt_handler 000000018001f418 f   libucrt:signal.obj
 0001:0001e448       __acrt_initialize_signal_handlers 000000018001f448 f   libucrt:signal.obj
 0001:0001e468       raise                      000000018001f468 f   libucrt:signal.obj
 0001:0001e6e8       __acrt_has_user_matherr    000000018001f6e8 f   libucrt:matherr.obj
 0001:0001e708       __acrt_initialize_user_matherr 000000018001f708 f   libucrt:matherr.obj
 0001:0001e710       __acrt_invoke_user_matherr 000000018001f710 f   libucrt:matherr.obj
 0001:0001e924       __acrt_stdio_flush_nolock  000000018001f924 f   libucrt:fflush.obj
 0001:0001e9b0       _fflush_nolock             000000018001f9b0 f   libucrt:fflush.obj
 0001:0001ea84       _flushall                  000000018001fa84 f   libucrt:fflush.obj
 0001:0001ea8c       __acrt_initialize_stdio    000000018001fa8c f   libucrt:_file.obj
 0001:0001ebac       __acrt_uninitialize_stdio  000000018001fbac f   libucrt:_file.obj
 0001:0001ec08       _lock_file                 000000018001fc08 f   libucrt:_file.obj
 0001:0001ec14       _unlock_file               000000018001fc14 f   libucrt:_file.obj
 0001:0001ec20       _malloc_base               000000018001fc20 f   libucrt:malloc_base.obj
 0001:0001ec80       __acrt_update_locale_info  000000018001fc80 f   libucrt:locale_update.obj
 0001:0001ecb4       __acrt_update_locale_info_explicit 000000018001fcb4 f   libucrt:locale_update.obj
 0001:0001ecec       __acrt_update_multibyte_info 000000018001fcec f   libucrt:locale_update.obj
 0001:0001ed20       __acrt_update_multibyte_info_explicit 000000018001fd20 f   libucrt:locale_update.obj
 0001:0001ed58       _mbtowc_internal           000000018001fd58 f   libucrt:mbtowc.obj
 0001:0001eed0       _fileno                    000000018001fed0 f   libucrt:fileno.obj
 0001:0001ef68       __acrt_set_locale_changed  000000018001ff68 f   libucrt:wsetlocale.obj
 0001:0001ef74       __acrt_uninitialize_locale 000000018001ff74 f   libucrt:wsetlocale.obj
 0001:0001efa4       __acrt_add_locale_ref      000000018001ffa4 f   libucrt:locale_refcounting.obj
 0001:0001f030       __acrt_free_locale         0000000180020030 f   libucrt:locale_refcounting.obj
 0001:0001f1a8       __acrt_locale_add_lc_time_reference 00000001800201a8 f   libucrt:locale_refcounting.obj
 0001:0001f1d0       __acrt_locale_free_lc_time_if_unreferenced 00000001800201d0 f   libucrt:locale_refcounting.obj
 0001:0001f208       __acrt_locale_release_lc_time_reference 0000000180020208 f   libucrt:locale_refcounting.obj
 0001:0001f230       __acrt_release_locale_ref  0000000180020230 f   libucrt:locale_refcounting.obj
 0001:0001f2d8       __acrt_update_thread_locale_data 00000001800202d8 f   libucrt:locale_refcounting.obj
 0001:0001f348       _updatetlocinfoEx_nolock   0000000180020348 f   libucrt:locale_refcounting.obj
 0001:0001f3b0       _query_new_mode            00000001800203b0 f   libucrt:new_mode.obj
 0001:0001f3c0       qsort                      00000001800203c0 f   libucrt:qsort.obj
 0001:0001f7d0       strncpy_s                  00000001800207d0 f   libucrt:strncpy_s.obj
 0001:0001f960       strpbrk                    0000000180020960 f   libucrt:strpbrk.obj
 0001:0001fd28       _mbsdec                    0000000180020d28 f   libucrt:mbsdec.obj
 0001:0001fd30       _mbsdec_l                  0000000180020d30 f   libucrt:mbsdec.obj
 0001:0001fdc4       __acrt_GetStringTypeA      0000000180020dc4 f   libucrt:getstringtypea.obj
 0001:00020280       __acrt_LCMapStringA        0000000180021280 f   libucrt:lcmapstringa.obj
 0001:00020330       _msize_base                0000000180021330 f   libucrt:msize.obj
 0001:0002036c       _realloc_base              000000018002136c f   libucrt:realloc_base.obj
 0001:000203e8       __acrt_DownlevelLocaleNameToLCID 00000001800213e8 f   libucrt:lcidtoname_downlevel.obj
 0001:00020490       __acrt_lowio_create_handle_array 0000000180021490 f   libucrt:osfinfo.obj
 0001:00020538       __acrt_lowio_destroy_handle_array 0000000180021538 f   libucrt:osfinfo.obj
 0001:00020588       __acrt_lowio_ensure_fh_exists 0000000180021588 f   libucrt:osfinfo.obj
 0001:00020630       __acrt_lowio_lock_fh       0000000180021630 f   libucrt:osfinfo.obj
 0001:00020658       __acrt_lowio_unlock_fh     0000000180021658 f   libucrt:osfinfo.obj
 0001:00020680       _free_osfhnd               0000000180021680 f   libucrt:osfinfo.obj
 0001:0002073c       _get_osfhandle             000000018002173c f   libucrt:osfinfo.obj
 0001:00020840       _commit                    0000000180021840 f   libucrt:commit.obj
 0001:000210f0       _write_internal            00000001800220f0 f   libucrt:write.obj
 0001:00021218       _write_nolock              0000000180022218 f   libucrt:write.obj
 0001:00021528       _fcloseall                 0000000180022528 f   libucrt:closeall.obj
 0001:000215dc       __acrt_stdio_free_buffer_nolock 00000001800225dc f   libucrt:_freebuf.obj
 0001:0002161c       _isatty                    000000018002261c f   libucrt:isatty.obj
 0001:0002167c       ?__mbrtowc_utf8@__crt_mbstring@@YA_KPEA_WPEBD_KPEAU_Mbstatet@@AEAV__crt_cached_ptd_host@@@Z 000000018002267c f   libucrt:mbrtowc.obj
 0001:000216c0       ?__mbsrtowcs_utf8@__crt_mbstring@@YA_KPEA_WPEAPEBD_KPEAU_Mbstatet@@AEAV__crt_cached_ptd_host@@@Z 00000001800226c0 f   libucrt:mbrtowc.obj
 0001:00021864       __acrt_locale_free_monetary 0000000180022864 f   libucrt:initmon.obj
 0001:00021970       __acrt_locale_free_numeric 0000000180022970 f   libucrt:initnum.obj
 0001:00021a10       __acrt_locale_free_time    0000000180022a10 f   libucrt:inittime.obj
 0001:00021b18       __strncnt                  0000000180022b18 f   libucrt:strncnt.obj
 0001:00021b30       __ascii_wcsnicmp           0000000180022b30 f   libucrt:wcsnicmp.obj
 0001:00021b7c       _query_app_type            0000000180022b7c f   libucrt:report_runtime_error.obj
 0001:00021c30       _lseeki64_nolock_internal  0000000180022c30 f   libucrt:lseek.obj
 0001:00021c38       _putwch_nolock             0000000180022c38 f   libucrt:putwch.obj
 0001:00021d94       fclose                     0000000180022d94 f   libucrt:fclose.obj
 0001:00021e30       log10                      0000000180022e30 f   libucrt:log10.obj
 0001:000223dc       ?reset_and_return@__crt_mbstring@@YA_K_KPEAU_Mbstatet@@@Z 00000001800233dc f   libucrt:common_utf8.obj
 0001:000223e4       ?return_illegal_sequence@__crt_mbstring@@YA_KPEAU_Mbstatet@@AEAV__crt_cached_ptd_host@@@Z 00000001800233e4 f   libucrt:common_utf8.obj
 0001:000223f8       ?__mbrtoc32_utf8@__crt_mbstring@@YA_KPEA_UPEBD_KPEAU_Mbstatet@@AEAV__crt_cached_ptd_host@@@Z 00000001800233f8 f   libucrt:mbrtoc32.obj
 0001:000225d4       __dcrt_lowio_ensure_console_output_initialized 00000001800235d4 f   libucrt:initcon.obj
 0001:00022628       __dcrt_terminate_console_output 0000000180023628 f   libucrt:initcon.obj
 0001:00022644       __dcrt_write_console       0000000180023644 f   libucrt:initcon.obj
 0001:0002277c       _close_internal            000000018002377c f   libucrt:close.obj
 0001:00022840       _close_nolock_internal     0000000180023840 f   libucrt:close.obj
 0001:00022910       ?__acrt_stdio_free_stream@@YAXV__crt_stdio_stream@@@Z 0000000180023910 f   libucrt:stream.obj
 0001:00022a50       _handle_error              0000000180023a50 f   libucrt:libm_error.obj
 0001:00022b80       __acrt_initialize_fma3     0000000180023b80 f   libucrt:fma3_available.obj
 0001:00022bf0       _log10_special             0000000180023bf0 f   libucrt:log_special.obj
 0001:00022cc0       _get_fpsr                  0000000180023cc0 f   libucrt:fpsr.obj
 0001:00022cd0       _set_fpsr                  0000000180023cd0 f   libucrt:fpsr.obj
 0001:00022cda       _fclrf                     0000000180023cda f   libucrt:fpsr.obj
 0001:00022cee       _frnd                      0000000180023cee f   libucrt:fpsr.obj
 0001:00022d10       _raise_exc                 0000000180023d10 f   libucrt:fpexcept.obj
 0001:00022d38       _raise_exc_ex              0000000180023d38 f   libucrt:fpexcept.obj
 0001:00023048       _set_errno_from_matherr    0000000180024048 f   libucrt:fpexcept.obj
 0001:00023078       _clrfp                     0000000180024078 f   libucrt:fpctrl.obj
 0001:00023098       _ctrlfp                    0000000180024098 f   libucrt:fpctrl.obj
 0001:00023114       _set_statfp                0000000180024114 f   libucrt:fpctrl.obj
 0001:00023134       _statfp                    0000000180024134 f   libucrt:fpctrl.obj
 0001:00023150       _FindPESection             0000000180024150 f   LIBCMT:pesect.obj
 0001:000231a0       _IsNonwritableInCurrentImage 00000001800241a0 f   LIBCMT:pesect.obj
 0001:000231f0       _ValidateImageBase         00000001800241f0 f   LIBCMT:pesect.obj
 0001:0002321c       ??_Etype_info@@UEAAPEAXI@Z 000000018002421c f i LIBCMT:std_type_info_static.obj
 0001:0002321c       ??_Gtype_info@@UEAAPEAXI@Z 000000018002421c f i LIBCMT:std_type_info_static.obj
 0001:00023248       ??3@YAXPEAX_K@Z            0000000180024248 f   LIBCMT:delete_scalar_size.obj
 0001:00023260       __chkstk                   0000000180024260 f   LIBCMT:chkstk.obj
 0001:00023260       _alloca_probe              0000000180024260 f   LIBCMT:chkstk.obj
 0001:000232b0       __GSHandlerCheck_EH        00000001800242b0 f   LIBCMT:gshandlereh.obj
 0001:00023330       ??3@YAXPEAX@Z              0000000180024330 f   LIBCMT:delete_scalar.obj
 0001:00023338       __C_specific_handler_noexcept 0000000180024338 f   libvcruntime:chandler_noexcept.obj
 0001:000233a0       _guard_dispatch_icall_nop  00000001800243a0 f   LIBCMT:guard_dispatch.obj
 0001:000233c0       _guard_xfg_dispatch_icall_nop 00000001800243c0 f   LIBCMT:guard_xfg_dispatch.obj
 0002:00000000       __imp_RtlCaptureContext    0000000180025000     kernel32:KERNEL32.dll
 0002:00000008       __imp_RtlLookupFunctionEntry 0000000180025008     kernel32:KERNEL32.dll
 0002:00000010       __imp_RtlVirtualUnwind     0000000180025010     kernel32:KERNEL32.dll
 0002:00000018       __imp_UnhandledExceptionFilter 0000000180025018     kernel32:KERNEL32.dll
 0002:00000020       __imp_SetUnhandledExceptionFilter 0000000180025020     kernel32:KERNEL32.dll
 0002:00000028       __imp_GetCurrentProcess    0000000180025028     kernel32:KERNEL32.dll
 0002:00000030       __imp_TerminateProcess     0000000180025030     kernel32:KERNEL32.dll
 0002:00000038       __imp_IsProcessorFeaturePresent 0000000180025038     kernel32:KERNEL32.dll
 0002:00000040       __imp_QueryPerformanceCounter 0000000180025040     kernel32:KERNEL32.dll
 0002:00000048       __imp_GetCurrentProcessId  0000000180025048     kernel32:KERNEL32.dll
 0002:00000050       __imp_GetCurrentThreadId   0000000180025050     kernel32:KERNEL32.dll
 0002:00000058       __imp_GetSystemTimeAsFileTime 0000000180025058     kernel32:KERNEL32.dll
 0002:00000060       __imp_InitializeSListHead  0000000180025060     kernel32:KERNEL32.dll
 0002:00000068       __imp_IsDebuggerPresent    0000000180025068     kernel32:KERNEL32.dll
 0002:00000070       __imp_GetStartupInfoW      0000000180025070     kernel32:KERNEL32.dll
 0002:00000078       __imp_GetModuleHandleW     0000000180025078     kernel32:KERNEL32.dll
 0002:00000080       __imp_CloseHandle          0000000180025080     kernel32:KERNEL32.dll
 0002:00000088       __imp_RtlUnwindEx          0000000180025088     kernel32:KERNEL32.dll
 0002:00000090       __imp_InterlockedFlushSList 0000000180025090     kernel32:KERNEL32.dll
 0002:00000098       __imp_GetLastError         0000000180025098     kernel32:KERNEL32.dll
 0002:000000a0       __imp_SetLastError         00000001800250a0     kernel32:KERNEL32.dll
 0002:000000a8       __imp_EnterCriticalSection 00000001800250a8     kernel32:KERNEL32.dll
 0002:000000b0       __imp_LeaveCriticalSection 00000001800250b0     kernel32:KERNEL32.dll
 0002:000000b8       __imp_DeleteCriticalSection 00000001800250b8     kernel32:KERNEL32.dll
 0002:000000c0       __imp_InitializeCriticalSectionAndSpinCount 00000001800250c0     kernel32:KERNEL32.dll
 0002:000000c8       __imp_TlsAlloc             00000001800250c8     kernel32:KERNEL32.dll
 0002:000000d0       __imp_TlsGetValue          00000001800250d0     kernel32:KERNEL32.dll
 0002:000000d8       __imp_TlsSetValue          00000001800250d8     kernel32:KERNEL32.dll
 0002:000000e0       __imp_TlsFree              00000001800250e0     kernel32:KERNEL32.dll
 0002:000000e8       __imp_FreeLibrary          00000001800250e8     kernel32:KERNEL32.dll
 0002:000000f0       __imp_GetProcAddress       00000001800250f0     kernel32:KERNEL32.dll
 0002:000000f8       __imp_LoadLibraryExW       00000001800250f8     kernel32:KERNEL32.dll
 0002:00000100       __imp_EncodePointer        0000000180025100     kernel32:KERNEL32.dll
 0002:00000108       __imp_RaiseException       0000000180025108     kernel32:KERNEL32.dll
 0002:00000110       __imp_RtlPcToFileHeader    0000000180025110     kernel32:KERNEL32.dll
 0002:00000118       __imp_ExitProcess          0000000180025118     kernel32:KERNEL32.dll
 0002:00000120       __imp_GetModuleHandleExW   0000000180025120     kernel32:KERNEL32.dll
 0002:00000128       __imp_GetModuleFileNameW   0000000180025128     kernel32:KERNEL32.dll
 0002:00000130       __imp_HeapAlloc            0000000180025130     kernel32:KERNEL32.dll
 0002:00000138       __imp_HeapFree             0000000180025138     kernel32:KERNEL32.dll
 0002:00000140       __imp_FindClose            0000000180025140     kernel32:KERNEL32.dll
 0002:00000148       __imp_FindFirstFileExW     0000000180025148     kernel32:KERNEL32.dll
 0002:00000150       __imp_FindNextFileW        0000000180025150     kernel32:KERNEL32.dll
 0002:00000158       __imp_IsValidCodePage      0000000180025158     kernel32:KERNEL32.dll
 0002:00000160       __imp_GetACP               0000000180025160     kernel32:KERNEL32.dll
 0002:00000168       __imp_GetOEMCP             0000000180025168     kernel32:KERNEL32.dll
 0002:00000170       __imp_GetCPInfo            0000000180025170     kernel32:KERNEL32.dll
 0002:00000178       __imp_GetCommandLineA      0000000180025178     kernel32:KERNEL32.dll
 0002:00000180       __imp_GetCommandLineW      0000000180025180     kernel32:KERNEL32.dll
 0002:00000188       __imp_MultiByteToWideChar  0000000180025188     kernel32:KERNEL32.dll
 0002:00000190       __imp_WideCharToMultiByte  0000000180025190     kernel32:KERNEL32.dll
 0002:00000198       __imp_GetEnvironmentStringsW 0000000180025198     kernel32:KERNEL32.dll
 0002:000001a0       __imp_FreeEnvironmentStringsW 00000001800251a0     kernel32:KERNEL32.dll
 0002:000001a8       __imp_FlsAlloc             00000001800251a8     kernel32:KERNEL32.dll
 0002:000001b0       __imp_FlsGetValue          00000001800251b0     kernel32:KERNEL32.dll
 0002:000001b8       __imp_FlsSetValue          00000001800251b8     kernel32:KERNEL32.dll
 0002:000001c0       __imp_FlsFree              00000001800251c0     kernel32:KERNEL32.dll
 0002:000001c8       __imp_LCMapStringW         00000001800251c8     kernel32:KERNEL32.dll
 0002:000001d0       __imp_GetProcessHeap       00000001800251d0     kernel32:KERNEL32.dll
 0002:000001d8       __imp_GetStdHandle         00000001800251d8     kernel32:KERNEL32.dll
 0002:000001e0       __imp_GetFileType          00000001800251e0     kernel32:KERNEL32.dll
 0002:000001e8       __imp_GetStringTypeW       00000001800251e8     kernel32:KERNEL32.dll
 0002:000001f0       __imp_HeapSize             00000001800251f0     kernel32:KERNEL32.dll
 0002:000001f8       __imp_HeapReAlloc          00000001800251f8     kernel32:KERNEL32.dll
 0002:00000200       __imp_SetStdHandle         0000000180025200     kernel32:KERNEL32.dll
 0002:00000208       __imp_FlushFileBuffers     0000000180025208     kernel32:KERNEL32.dll
 0002:00000210       __imp_WriteFile            0000000180025210     kernel32:KERNEL32.dll
 0002:00000218       __imp_GetConsoleOutputCP   0000000180025218     kernel32:KERNEL32.dll
 0002:00000220       __imp_GetConsoleMode       0000000180025220     kernel32:KERNEL32.dll
 0002:00000228       __imp_SetFilePointerEx     0000000180025228     kernel32:KERNEL32.dll
 0002:00000230       __imp_CreateFileW          0000000180025230     kernel32:KERNEL32.dll
 0002:00000238       __imp_WriteConsoleW        0000000180025238     kernel32:KERNEL32.dll
 0002:00000240       \177KERNEL32_NULL_THUNK_DATA 0000000180025240     kernel32:KERNEL32.dll
 0002:00000248       __guard_check_icall_fptr   0000000180025248     LIBCMT:guard_support.obj
 0002:00000250       __guard_xfg_check_icall_fptr 0000000180025250     LIBCMT:guard_support.obj
 0002:00000258       __guard_dispatch_icall_fptr 0000000180025258     LIBCMT:guard_support.obj
 0002:00000260       __guard_xfg_dispatch_icall_fptr 0000000180025260     LIBCMT:guard_support.obj
 0002:00000268       __guard_xfg_table_dispatch_icall_fptr 0000000180025268     LIBCMT:guard_support.obj
 0002:00000270       __castguard_check_failure_os_handled_fptr 0000000180025270     LIBCMT:guard_support.obj
 0002:00000278       __guard_memcpy_fptr        0000000180025278     libvcruntime:softmemtag.obj
 0002:00000280       __xc_a                     0000000180025280     LIBCMT:initializers.obj
 0002:00000288       __xc_z                     0000000180025288     LIBCMT:initializers.obj
 0002:00000290       __xi_a                     0000000180025290     LIBCMT:initializers.obj
 0002:00000298       __acrt_multibyte_initializer 0000000180025298     libucrt:multibyte_initializer.obj
 0002:000002a0       __acrt_stdio_initializer   00000001800252a0     libucrt:stdio_initializer.obj
 0002:000002a8       __acrt_tran_fma3_initializer 00000001800252a8     libucrt:fma3_initializer.obj
 0002:000002b0       __xi_z                     00000001800252b0     LIBCMT:initializers.obj
 0002:000002b8       __xp_a                     00000001800252b8     LIBCMT:initializers.obj
 0002:000002c0       __acrt_locale_terminator   00000001800252c0     libucrt:locale_initializer.obj
 0002:000002c8       __dcrt_console_output_terminator 00000001800252c8     libucrt:console_output_initializer.obj
 0002:000002d0       __acrt_stdio_terminator    00000001800252d0     libucrt:stdio_initializer.obj
 0002:000002d8       __xp_z                     00000001800252d8     LIBCMT:initializers.obj
 0002:000002e0       __xt_a                     00000001800252e0     LIBCMT:initializers.obj
 0002:000002e8       __xt_z                     00000001800252e8     LIBCMT:initializers.obj
 0002:000002f0       _lzo1b_1_compress_func     00000001800252f0     lzo1b_1.obj
 0002:000002f8       _lzo1b_2_compress_func     00000001800252f8     lzo1b_2.obj
 0002:00000300       _lzo1b_3_compress_func     0000000180025300     lzo1b_3.obj
 0002:00000308       _lzo1b_4_compress_func     0000000180025308     lzo1b_4.obj
 0002:00000310       _lzo1b_5_compress_func     0000000180025310     lzo1b_5.obj
 0002:00000318       _lzo1b_6_compress_func     0000000180025318     lzo1b_6.obj
 0002:00000320       _lzo1b_7_compress_func     0000000180025320     lzo1b_7.obj
 0002:00000328       _lzo1b_8_compress_func     0000000180025328     lzo1b_8.obj
 0002:00000330       _lzo1b_9_compress_func     0000000180025330     lzo1b_9.obj
 0002:00000338       _lzo1b_99_compress_func    0000000180025338     lzo1b_99.obj
 0002:00000388       _lzo1c_1_compress_func     0000000180025388     lzo1c_1.obj
 0002:00000390       _lzo1c_2_compress_func     0000000180025390     lzo1c_2.obj
 0002:00000398       _lzo1c_3_compress_func     0000000180025398     lzo1c_3.obj
 0002:000003a0       _lzo1c_4_compress_func     00000001800253a0     lzo1c_4.obj
 0002:000003a8       _lzo1c_5_compress_func     00000001800253a8     lzo1c_5.obj
 0002:000003b0       _lzo1c_6_compress_func     00000001800253b0     lzo1c_6.obj
 0002:000003b8       _lzo1c_7_compress_func     00000001800253b8     lzo1c_7.obj
 0002:000003c0       _lzo1c_8_compress_func     00000001800253c0     lzo1c_8.obj
 0002:000003c8       _lzo1c_9_compress_func     00000001800253c8     lzo1c_9.obj
 0002:000003d0       _lzo1c_99_compress_func    00000001800253d0     lzo1c_99.obj
 0002:00000d60       _pDefaultRawDllMain        0000000180025d60     LIBCMT:dll_dllmain.obj
 0002:00000d60       _pRawDllMain               0000000180025d60     LIBCMT:dll_dllmain.obj
 0002:00000d80       __xmm@ffffffffffffffffffffffffffffffff 0000000180025d80     LIBCMT:utility.obj
 0002:00000d90       _pDestructExceptionObject  0000000180025d90     libvcruntime:ehhelpers.obj
 0002:000014b0       ??_C@_08EHJDFFNH@__based?$CI@ 00000001800264b0     libvcruntime:undname.obj
 0002:000014c0       ??_C@_07KOLFKCDI@__cdecl@  00000001800264c0     libvcruntime:undname.obj
 0002:000014c8       ??_C@_08GHMPAG@__pascal@   00000001800264c8     libvcruntime:undname.obj
 0002:000014d8       ??_C@_09IFJBGAPI@__stdcall@ 00000001800264d8     libvcruntime:undname.obj
 0002:000014e8       ??_C@_0L@NPHFGOKO@__thiscall@ 00000001800264e8     libvcruntime:undname.obj
 0002:000014f8       ??_C@_0L@JMKHOMEK@__fastcall@ 00000001800264f8     libvcruntime:undname.obj
 0002:00001508       ??_C@_0N@BCKKPABJ@__vectorcall@ 0000000180026508     libvcruntime:undname.obj
 0002:00001518       ??_C@_09HIJEGCPM@__clrcall@ 0000000180026518     libvcruntime:undname.obj
 0002:00001524       ??_C@_06GHPCKEAG@__eabi@   0000000180026524     libvcruntime:undname.obj
 0002:00001530       ??_C@_09IOPIDJLG@__swift_1@ 0000000180026530     libvcruntime:undname.obj
 0002:00001540       ??_C@_09KFNFGKHF@__swift_2@ 0000000180026540     libvcruntime:undname.obj
 0002:00001550       ??_C@_09LMMOFLDE@__swift_3@ 0000000180026550     libvcruntime:undname.obj
 0002:00001560       ??_C@_07JOMMBBKO@__ptr64@  0000000180026560     libvcruntime:undname.obj
 0002:00001568       ??_C@_0L@PILCLIHE@__restrict@ 0000000180026568     libvcruntime:undname.obj
 0002:00001578       ??_C@_0M@GFIIJFMG@__unaligned@ 0000000180026578     libvcruntime:undname.obj
 0002:00001588       ??_C@_09DHDLOLLB@restrict?$CI@ 0000000180026588     libvcruntime:undname.obj
 0002:00001592       ??_C@_00CNPNBAHC@@         0000000180026592     libvcruntime:undname.obj
 0002:00001594       ??_C@_04NIHEBCM@?5new@     0000000180026594     libvcruntime:undname.obj
 0002:000015a0       ??_C@_07FPCDHGMM@?5delete@ 00000001800265a0     libvcruntime:undname.obj
 0002:000015a8       ??_C@_01NEMOKFLO@?$DN@     00000001800265a8     libvcruntime:undname.obj
 0002:000015ac       ??_C@_02GPIOPFAK@?$DO?$DO@ 00000001800265ac     libvcruntime:undname.obj
 0002:000015b0       ??_C@_02FODMEDOG@?$DM?$DM@ 00000001800265b0     libvcruntime:undname.obj
 0002:000015b4       ??_C@_01DCLJPIOD@?$CB@     00000001800265b4     libvcruntime:undname.obj
 0002:000015b8       ??_C@_02EGOFBIJA@?$DN?$DN@ 00000001800265b8     libvcruntime:undname.obj
 0002:000015bc       ??_C@_02FDNJECIE@?$CB?$DN@ 00000001800265bc     libvcruntime:undname.obj
 0002:000015c0       ??_C@_02GPECMEKF@?$FL?$FN@ 00000001800265c0     libvcruntime:undname.obj
 0002:000015c8       ??_C@_08LHJFAFGD@operator@ 00000001800265c8     libvcruntime:undname.obj
 0002:000015d4       ??_C@_02HBOOOICD@?9?$DO@   00000001800265d4     libvcruntime:undname.obj
 0002:000015d8       ??_C@_01NBENCBCI@?$CK@     00000001800265d8     libvcruntime:undname.obj
 0002:000015dc       ??_C@_02ECNGHCIF@?$CL?$CL@ 00000001800265dc     libvcruntime:undname.obj
 0002:000015e0       ??_C@_02BAABKJLB@?9?9@     00000001800265e0     libvcruntime:undname.obj
 0002:000015e4       ??_C@_01JOAMLHOP@?9@       00000001800265e4     libvcruntime:undname.obj
 0002:000015e8       ??_C@_01MIFGBAGJ@?$CL@     00000001800265e8     libvcruntime:undname.obj
 0002:000015ec       ??_C@_01HNPIGOCE@?$CG@     00000001800265ec     libvcruntime:undname.obj
 0002:000015f0       ??_C@_03MNHNFDLC@?9?$DO?$CK@ 00000001800265f0     libvcruntime:undname.obj
 0002:000015f4       ??_C@_01KMDKNFGN@?1@       00000001800265f4     libvcruntime:undname.obj
 0002:000015f8       ??_C@_01FGNFDNOH@?$CF@     00000001800265f8     libvcruntime:undname.obj
 0002:000015fc       ??_C@_01MNNFJEPP@?$DM@     00000001800265fc     libvcruntime:undname.obj
 0002:00001600       ??_C@_02EHCHHCKH@?$DM?$DN@ 0000000180026600     libvcruntime:undname.obj
 0002:00001604       ??_C@_01PPODPGHN@?$DO@     0000000180026604     libvcruntime:undname.obj
 0002:00001608       ??_C@_02EEKDKGMJ@?$DO?$DN@ 0000000180026608     libvcruntime:undname.obj
 0002:0000160c       ??_C@_01IHBHIGKO@?0@       000000018002660c     libvcruntime:undname.obj
 0002:00001610       ??_C@_02HCKGKOFO@?$CI?$CJ@ 0000000180026610     libvcruntime:undname.obj
 0002:00001614       ??_C@_01PJKLJHI@?$HO@      0000000180026614     libvcruntime:undname.obj
 0002:00001618       ??_C@_01JKBOJNNK@?$FO@     0000000180026618     libvcruntime:undname.obj
 0002:0000161c       ??_C@_01DNKMNLPK@?$HM@     000000018002661c     libvcruntime:undname.obj
 0002:00001620       ??_C@_02PPKAJPJL@?$CG?$CG@ 0000000180026620     libvcruntime:undname.obj
 0002:00001624       ??_C@_02NONPIBCD@?$HM?$HM@ 0000000180026624     libvcruntime:undname.obj
 0002:00001628       ??_C@_02FPIMKNGF@?$CK?$DN@ 0000000180026628     libvcruntime:undname.obj
 0002:0000162c       ??_C@_02FOEOMHFC@?$CL?$DN@ 000000018002662c     libvcruntime:undname.obj
 0002:00001630       ??_C@_02FKMDLLOA@?9?$DN@   0000000180026630     libvcruntime:undname.obj
 0002:00001634       ??_C@_02FJEHGPIO@?1?$DN@   0000000180026634     libvcruntime:undname.obj
 0002:00001638       ??_C@_02FENAOKFI@?$CF?$DN@ 0000000180026638     libvcruntime:undname.obj
 0002:0000163c       ??_C@_03IKFCCPFF@?$DO?$DO?$DN@ 000000018002663c     libvcruntime:undname.obj
 0002:00001640       ??_C@_03CDNPDDLA@?$DM?$DM?$DN@ 0000000180026640     libvcruntime:undname.obj
 0002:00001644       ??_C@_02FGJGFEAB@?$CG?$DN@ 0000000180026644     libvcruntime:undname.obj
 0002:00001648       ??_C@_02DHLNPPGH@?$HM?$DN@ 0000000180026648     libvcruntime:undname.obj
 0002:0000164c       ??_C@_02MHEGNOJ@?$FO?$DN@  000000018002664c     libvcruntime:undname.obj
 0002:00001650       ??_C@_09IFPLHPGF@?$GAvftable?8@ 0000000180026650     libvcruntime:undname.obj
 0002:00001660       ??_C@_09BLBHBJP@?$GAvbtable?8@ 0000000180026660     libvcruntime:undname.obj
 0002:00001670       ??_C@_07FEEIOKP@?$GAvcall?8@ 0000000180026670     libvcruntime:undname.obj
 0002:00001678       ??_C@_08LLFFHHDJ@?$GAtypeof?8@ 0000000180026678     libvcruntime:undname.obj
 0002:00001688       ??_C@_0BF@KDPPACIK@?$GAlocal?5static?5guard?8@ 0000000180026688     libvcruntime:undname.obj
 0002:000016a0       ??_C@_08OBABFOLI@?$GAstring?8@ 00000001800266a0     libvcruntime:undname.obj
 0002:000016b0       ??_C@_0BD@JDLKDPAB@?$GAvbase?5destructor?8@ 00000001800266b0     libvcruntime:undname.obj
 0002:000016c8       ??_C@_0BN@DEGPLNFK@?$GAvector?5deleting?5destructor?8@ 00000001800266c8     libvcruntime:undname.obj
 0002:000016e8       ??_C@_0BO@OBMKPJIG@?$GAdefault?5constructor?5closure?8@ 00000001800266e8     libvcruntime:undname.obj
 0002:00001708       ??_C@_0BN@IMDCHIKM@?$GAscalar?5deleting?5destructor?8@ 0000000180026708     libvcruntime:undname.obj
 0002:00001728       ??_C@_0BO@PFGOCPJJ@?$GAvector?5constructor?5iterator?8@ 0000000180026728     libvcruntime:undname.obj
 0002:00001748       ??_C@_0BN@LFPFMEDL@?$GAvector?5destructor?5iterator?8@ 0000000180026748     libvcruntime:undname.obj
 0002:00001768       ??_C@_0CE@IKBNEHA@?$GAvector?5vbase?5constructor?5itera@ 0000000180026768     libvcruntime:undname.obj
 0002:00001790       ??_C@_0BL@NILFHHPC@?$GAvirtual?5displacement?5map?8@ 0000000180026790     libvcruntime:undname.obj
 0002:000017b0       ??_C@_0CB@JONCMFFK@?$GAeh?5vector?5constructor?5iterator@ 00000001800267b0     libvcruntime:undname.obj
 0002:000017d8       ??_C@_0CA@GCEOPDGL@?$GAeh?5vector?5destructor?5iterator?8@ 00000001800267d8     libvcruntime:undname.obj
 0002:000017f8       ??_C@_0CH@OOJPLCPH@?$GAeh?5vector?5vbase?5constructor?5it@ 00000001800267f8     libvcruntime:undname.obj
 0002:00001820       ??_C@_0BL@LLKPOHJI@?$GAcopy?5constructor?5closure?8@ 0000000180026820     libvcruntime:undname.obj
 0002:00001840       ??_C@_0BA@KBCDOMBN@?$GAudt?5returning?8@ 0000000180026840     libvcruntime:undname.obj
 0002:00001850       ??_C@_03KLGMFNMG@?$GAEH@   0000000180026850     libvcruntime:undname.obj
 0002:00001854       ??_C@_05KHLCHHI@?$GARTTI@  0000000180026854     libvcruntime:undname.obj
 0002:00001860       ??_C@_0BA@KKLDJDLB@?$GAlocal?5vftable?8@ 0000000180026860     libvcruntime:undname.obj
 0002:00001870       ??_C@_0CE@IIHCMGGL@?$GAlocal?5vftable?5constructor?5clos@ 0000000180026870     libvcruntime:undname.obj
 0002:00001894       ??_C@_06FHBGPFGH@?5new?$FL?$FN@ 0000000180026894     libvcruntime:undname.obj
 0002:000018a0       ??_C@_09LBNFPBCA@?5delete?$FL?$FN@ 00000001800268a0     libvcruntime:undname.obj
 0002:000018b0       ??_C@_0P@HJKNJFNN@?$GAomni?5callsig?8@ 00000001800268b0     libvcruntime:undname.obj
 0002:000018c0       ??_C@_0BL@CNOONJFP@?$GAplacement?5delete?5closure?8@ 00000001800268c0     libvcruntime:undname.obj
 0002:000018e0       ??_C@_0BN@CKNJLHMB@?$GAplacement?5delete?$FL?$FN?5closure?8@ 00000001800268e0     libvcruntime:undname.obj
 0002:00001900       ??_C@_0CG@CFDHKGGD@?$GAmanaged?5vector?5constructor?5ite@ 0000000180026900     libvcruntime:undname.obj
 0002:00001928       ??_C@_0CF@IMGKMJNO@?$GAmanaged?5vector?5destructor?5iter@ 0000000180026928     libvcruntime:undname.obj
 0002:00001950       ??_C@_0CG@HLDDJMAG@?$GAeh?5vector?5copy?5constructor?5ite@ 0000000180026950     libvcruntime:undname.obj
 0002:00001978       ??_C@_0CM@FCBBDIGB@?$GAeh?5vector?5vbase?5copy?5construct@ 0000000180026978     libvcruntime:undname.obj
 0002:000019a8       ??_C@_0BL@CLIPGLGB@?$GAdynamic?5initializer?5for?5?8@ 00000001800269a8     libvcruntime:undname.obj
 0002:000019c8       ??_C@_0CB@PDBIFEP@?$GAdynamic?5atexit?5destructor?5for?5@ 00000001800269c8     libvcruntime:undname.obj
 0002:000019f0       ??_C@_0CD@CGAJBKEJ@?$GAvector?5copy?5constructor?5iterat@ 00000001800269f0     libvcruntime:undname.obj
 0002:00001a18       ??_C@_0CJ@GJELGAMM@?$GAvector?5vbase?5copy?5constructor?5@ 0000000180026a18     libvcruntime:undname.obj
 0002:00001a48       ??_C@_0CL@FGIJHLCE@?$GAmanaged?5vector?5copy?5constructo@ 0000000180026a48     libvcruntime:undname.obj
 0002:00001a78       ??_C@_0BM@PMGGMLDN@?$GAlocal?5static?5thread?5guard?8@ 0000000180026a78     libvcruntime:undname.obj
 0002:00001a98       ??_C@_0N@BDNMDMOL@operator?5?$CC?$CC?5@ 0000000180026a98     libvcruntime:undname.obj
 0002:00001aa8       ??_C@_0BC@GGEBGALA@operator?5co_await@ 0000000180026aa8     libvcruntime:undname.obj
 0002:00001ac0       ??_C@_0M@GAAIMMOH@operator?$DM?$DN?$DO@ 0000000180026ac0     libvcruntime:undname.obj
 0002:00001ad0       ??_C@_0BC@DAFEJGAK@?5Type?5Descriptor?8@ 0000000180026ad0     libvcruntime:undname.obj
 0002:00001ae8       ??_C@_0BM@LDKODKLH@?5Base?5Class?5Descriptor?5at?5?$CI@ 0000000180026ae8     libvcruntime:undname.obj
 0002:00001b08       ??_C@_0BD@LGICGFMM@?5Base?5Class?5Array?8@ 0000000180026b08     libvcruntime:undname.obj
 0002:00001b20       ??_C@_0BN@MECKDCOJ@?5Class?5Hierarchy?5Descriptor?8@ 0000000180026b20     libvcruntime:undname.obj
 0002:00001b40       ??_C@_0BK@CFCOFLF@?5Complete?5Object?5Locator?8@ 0000000180026b40     libvcruntime:undname.obj
 0002:00001b60       ??_C@_0BG@JNJLAMPM@?$GAanonymous?5namespace?8@ 0000000180026b60     libvcruntime:undname.obj
 0002:00001c30       ??_C@_1DM@KHCHBNEB@?$AAa?$AAp?$AAi?$AA?9?$AAm?$AAs?$AA?9?$AAw?$AAi?$AAn?$AA?9?$AAc?$AAo?$AAr?$AAe@ 0000000180026c30     libvcruntime:winapi_downlevel.obj
 0002:00001c70       ??_C@_1DK@LPPGFMPP@?$AAa?$AAp?$AAi?$AA?9?$AAm?$AAs?$AA?9?$AAw?$AAi?$AAn?$AA?9?$AAc?$AAo?$AAr?$AAe@ 0000000180026c70     libvcruntime:winapi_downlevel.obj
 0002:00001cb0       ??_C@_1BC@GDMECMAK@?$AAk?$AAe?$AAr?$AAn?$AAe?$AAl?$AA3?$AA2@ 0000000180026cb0     libvcruntime:winapi_downlevel.obj
 0002:00001cc8       ??_C@_1BA@PFFKHIOG@?$AAa?$AAp?$AAi?$AA?9?$AAm?$AAs?$AA?9@ 0000000180026cc8     libvcruntime:winapi_downlevel.obj
 0002:00001ce0       ??_C@_08KNHFBNJ@FlsAlloc@  0000000180026ce0     libvcruntime:winapi_downlevel.obj
 0002:00001cf8       ??_C@_07PEJMOBNF@FlsFree@  0000000180026cf8     libvcruntime:winapi_downlevel.obj
 0002:00001d08       ??_C@_0M@GDNOONDI@FlsGetValue@ 0000000180026d08     libvcruntime:winapi_downlevel.obj
 0002:00001d20       ??_C@_0M@JCPCPOEF@FlsSetValue@ 0000000180026d20     libvcruntime:winapi_downlevel.obj
 0002:00001d38       ??_C@_0BM@HCFOFFN@InitializeCriticalSectionEx@ 0000000180026d38     libvcruntime:winapi_downlevel.obj
 0002:00001d60       ??_7exception@std@@6B@     0000000180026d60     libvcruntime:frame.obj
 0002:00001d70       ??_C@_0BC@EOODALEL@Unknown?5exception@ 0000000180026d70     libvcruntime:frame.obj
 0002:00001d90       ??_7bad_exception@std@@6B@ 0000000180026d90     libvcruntime:frame.obj
 0002:00001da0       ??_C@_0O@DPKOEFFH@bad?5exception@ 0000000180026da0     libvcruntime:frame.obj
 0002:00001db0       __acrt_exception_action_table 0000000180026db0     libucrt:exception_filter.obj
 0002:00001e70       __acrt_signal_action_table_count 0000000180026e70     libucrt:exception_filter.obj
 0002:00001e78       __acrt_signal_action_first_fpe_index 0000000180026e78     libucrt:exception_filter.obj
 0002:00001e80       __acrt_signal_action_fpe_count 0000000180026e80     libucrt:exception_filter.obj
 0002:00001ed8       ??_C@_1BI@BGOHAHKC@?$AAm?$AAs?$AAc?$AAo?$AAr?$AAe?$AAe?$AA?4?$AAd?$AAl?$AAl@ 0000000180026ed8     libucrt:exit.obj
 0002:00001ef0       ??_C@_0P@MIGLKIOC@CorExitProcess@ 0000000180026ef0     libucrt:exit.obj
 0002:000021d8       ??_C@_1M@HPNHIDJI@?$AAj?$AAa?$AA?9?$AAJ?$AAP@ 00000001800271d8     libucrt:mbctype.obj
 0002:000021e8       ??_C@_1M@BIBDDEMK@?$AAz?$AAh?$AA?9?$AAC?$AAN@ 00000001800271e8     libucrt:mbctype.obj
 0002:000021f8       ??_C@_1M@JLOOOEGK@?$AAk?$AAo?$AA?9?$AAK?$AAR@ 00000001800271f8     libucrt:mbctype.obj
 0002:00002208       ??_C@_1M@CLNBBOPM@?$AAz?$AAh?$AA?9?$AAT?$AAW@ 0000000180027208     libucrt:mbctype.obj
 0002:000022c0       ??_C@_1EA@JGEFHKEI@?$AAa?$AAp?$AAi?$AA?9?$AAm?$AAs?$AA?9?$AAw?$AAi?$AAn?$AA?9?$AAc?$AAo?$AAr?$AAe@ 00000001800272c0     libucrt:winapi_thunks.obj
 0002:00002300       ??_C@_1DI@IJCEHOCB@?$AAa?$AAp?$AAi?$AA?9?$AAm?$AAs?$AA?9?$AAw?$AAi?$AAn?$AA?9?$AAc?$AAo?$AAr?$AAe@ 0000000180027300     libucrt:winapi_thunks.obj
 0002:00002340       ??_C@_1EI@MPIAOHOC@?$AAa?$AAp?$AAi?$AA?9?$AAm?$AAs?$AA?9?$AAw?$AAi?$AAn?$AA?9?$AAc?$AAo?$AAr?$AAe@ 0000000180027340     libucrt:winapi_thunks.obj
 0002:00002390       ??_C@_1FK@FPHCKFIE@?$AAa?$AAp?$AAi?$AA?9?$AAm?$AAs?$AA?9?$AAw?$AAi?$AAn?$AA?9?$AAc?$AAo?$AAr?$AAe@ 0000000180027390     libucrt:winapi_thunks.obj
 0002:000023f0       ??_C@_1EM@DILCGIIO@?$AAa?$AAp?$AAi?$AA?9?$AAm?$AAs?$AA?9?$AAw?$AAi?$AAn?$AA?9?$AAc?$AAo?$AAr?$AAe@ 00000001800273f0     libucrt:winapi_thunks.obj
 0002:00002440       ??_C@_1DM@LNCGDDPN@?$AAa?$AAp?$AAi?$AA?9?$AAm?$AAs?$AA?9?$AAw?$AAi?$AAn?$AA?9?$AAc?$AAo?$AAr?$AAe@ 0000000180027440     libucrt:winapi_thunks.obj
 0002:00002480       ??_C@_1DO@FPAPJEMD@?$AAa?$AAp?$AAi?$AA?9?$AAm?$AAs?$AA?9?$AAw?$AAi?$AAn?$AA?9?$AAc?$AAo?$AAr?$AAe@ 0000000180027480     libucrt:winapi_thunks.obj
 0002:000024c0       ??_C@_1DK@NDHNAHIO@?$AAa?$AAp?$AAi?$AA?9?$AAm?$AAs?$AA?9?$AAw?$AAi?$AAn?$AA?9?$AAc?$AAo?$AAr?$AAe@ 00000001800274c0     libucrt:winapi_thunks.obj
 0002:00002500       ??_C@_1DM@KGHDGBCM@?$AAa?$AAp?$AAi?$AA?9?$AAm?$AAs?$AA?9?$AAw?$AAi?$AAn?$AA?9?$AAc?$AAo?$AAr?$AAe@ 0000000180027500     libucrt:winapi_thunks.obj
 0002:00002540       ??_C@_1EO@IJIOEFOH@?$AAa?$AAp?$AAi?$AA?9?$AAm?$AAs?$AA?9?$AAw?$AAi?$AAn?$AA?9?$AAr?$AAt?$AAc?$AAo@ 0000000180027540     libucrt:winapi_thunks.obj
 0002:00002590       ??_C@_1FG@HHGEKANL@?$AAa?$AAp?$AAi?$AA?9?$AAm?$AAs?$AA?9?$AAw?$AAi?$AAn?$AA?9?$AAs?$AAe?$AAc?$AAu@ 0000000180027590     libucrt:winapi_thunks.obj
 0002:000025f0       ??_C@_1EG@DBIOJECG@?$AAe?$AAx?$AAt?$AA?9?$AAm?$AAs?$AA?9?$AAw?$AAi?$AAn?$AA?9?$AAn?$AAt?$AAu?$AAs@ 00000001800275f0     libucrt:winapi_thunks.obj
 0002:00002640       ??_C@_1EO@FIHMJCLF@?$AAe?$AAx?$AAt?$AA?9?$AAm?$AAs?$AA?9?$AAw?$AAi?$AAn?$AA?9?$AAn?$AAt?$AAu?$AAs@ 0000000180027640     libucrt:winapi_thunks.obj
 0002:00002690       ??_C@_1BC@DNHGCMLG@?$AAa?$AAd?$AAv?$AAa?$AAp?$AAi?$AA3?$AA2@ 0000000180027690     libucrt:winapi_thunks.obj
 0002:000026a8       ??_C@_1M@OAIMIKLP@?$AAn?$AAt?$AAd?$AAl?$AAl@ 00000001800276a8     libucrt:winapi_thunks.obj
 0002:000026c0       ??_C@_1EG@DPGNFKGC@?$AAa?$AAp?$AAi?$AA?9?$AAm?$AAs?$AA?9?$AAw?$AAi?$AAn?$AA?9?$AAa?$AAp?$AAp?$AAm@ 00000001800276c0     libucrt:winapi_thunks.obj
 0002:00002708       ??_C@_1O@BCCLBEOE@?$AAu?$AAs?$AAe?$AAr?$AA3?$AA2@ 0000000180027708     libucrt:winapi_thunks.obj
 0002:00002718       ??_C@_1BA@IAIFMGEF@?$AAe?$AAx?$AAt?$AA?9?$AAm?$AAs?$AA?9@ 0000000180027718     libucrt:winapi_thunks.obj
 0002:00002730       ??_C@_0BA@FHFNEAED@AreFileApisANSI@ 0000000180027730     libucrt:winapi_thunks.obj
 0002:00002750       ??_C@_0O@KKBNKAPF@LCMapStringEx@ 0000000180027750     libucrt:winapi_thunks.obj
 0002:00002768       ??_C@_0BB@HBDEELFH@LocaleNameToLCID@ 0000000180027768     libucrt:winapi_thunks.obj
 0002:00002780       ??_C@_0CF@OJOFEIGO@AppPolicyGetProcessTerminationM@ 0000000180027780     libucrt:winapi_thunks.obj
 0002:000027b0       __lc_time_c                00000001800277b0     libucrt:nlsdata.obj
 0002:00002a70       ??_C@_03KOEHGMDN@Sun@      0000000180027a70     libucrt:nlsdata.obj
 0002:00002a74       ??_C@_03PDAGKDH@Mon@       0000000180027a74     libucrt:nlsdata.obj
 0002:00002a78       ??_C@_03NAGEINEP@Tue@      0000000180027a78     libucrt:nlsdata.obj
 0002:00002a7c       ??_C@_03MHOMLAJA@Wed@      0000000180027a7c     libucrt:nlsdata.obj
 0002:00002a80       ??_C@_03IOFIKPDN@Thu@      0000000180027a80     libucrt:nlsdata.obj
 0002:00002a84       ??_C@_03IDIOELNC@Fri@      0000000180027a84     libucrt:nlsdata.obj
 0002:00002a88       ??_C@_03FEFJNEK@Sat@       0000000180027a88     libucrt:nlsdata.obj
 0002:00002a8c       ??_C@_06OOPIFAJ@Sunday@    0000000180027a8c     libucrt:nlsdata.obj
 0002:00002a94       ??_C@_06JLEDEDGH@Monday@   0000000180027a94     libucrt:nlsdata.obj
 0002:00002aa0       ??_C@_07BAAGCFCM@Tuesday@  0000000180027aa0     libucrt:nlsdata.obj
 0002:00002aa8       ??_C@_09DLIGFAKA@Wednesday@ 0000000180027aa8     libucrt:nlsdata.obj
 0002:00002ab8       ??_C@_08HACCIKIA@Thursday@ 0000000180027ab8     libucrt:nlsdata.obj
 0002:00002ac4       ??_C@_06JECMNKMI@Friday@   0000000180027ac4     libucrt:nlsdata.obj
 0002:00002ad0       ??_C@_08INBOOONO@Saturday@ 0000000180027ad0     libucrt:nlsdata.obj
 0002:00002adc       ??_C@_03JIHJHPIE@Jan@      0000000180027adc     libucrt:nlsdata.obj
 0002:00002ae0       ??_C@_03HJBDCHOM@Feb@      0000000180027ae0     libucrt:nlsdata.obj
 0002:00002ae4       ??_C@_03ODNJBKGA@Mar@      0000000180027ae4     libucrt:nlsdata.obj
 0002:00002ae8       ??_C@_03LEOLGMJP@Apr@      0000000180027ae8     libucrt:nlsdata.obj
 0002:00002aec       ??_C@_03CNMDKL@May@        0000000180027aec     libucrt:nlsdata.obj
 0002:00002af0       ??_C@_03IDFGHECI@Jun@      0000000180027af0     libucrt:nlsdata.obj
 0002:00002af4       ??_C@_03LBGABGKK@Jul@      0000000180027af4     libucrt:nlsdata.obj
 0002:00002af8       ??_C@_03IFJFEIGA@Aug@      0000000180027af8     libucrt:nlsdata.obj
 0002:00002afc       ??_C@_03GGCAPAJC@Sep@      0000000180027afc     libucrt:nlsdata.obj
 0002:00002b00       ??_C@_03BMAOKBAD@Oct@      0000000180027b00     libucrt:nlsdata.obj
 0002:00002b04       ??_C@_03JPJOFNIA@Nov@      0000000180027b04     libucrt:nlsdata.obj
 0002:00002b08       ??_C@_03MKABNOCG@Dec@      0000000180027b08     libucrt:nlsdata.obj
 0002:00002b10       ??_C@_07CGJPFGJA@January@  0000000180027b10     libucrt:nlsdata.obj
 0002:00002b18       ??_C@_08GNJGEPFN@February@ 0000000180027b18     libucrt:nlsdata.obj
 0002:00002b24       ??_C@_05HPCKOFNC@March@    0000000180027b24     libucrt:nlsdata.obj
 0002:00002b2c       ??_C@_05DMJDNLEJ@April@    0000000180027b2c     libucrt:nlsdata.obj
 0002:00002b34       ??_C@_04CNLMGBGM@June@     0000000180027b34     libucrt:nlsdata.obj
 0002:00002b3c       ??_C@_04MIEPOIFP@July@     0000000180027b3c     libucrt:nlsdata.obj
 0002:00002b44       ??_C@_06LBBHFDDG@August@   0000000180027b44     libucrt:nlsdata.obj
 0002:00002b50       ??_C@_09BHHEALKD@September@ 0000000180027b50     libucrt:nlsdata.obj
 0002:00002b60       ??_C@_07JJNFCEND@October@  0000000180027b60     libucrt:nlsdata.obj
 0002:00002b68       ??_C@_08HCHEGEOA@November@ 0000000180027b68     libucrt:nlsdata.obj
 0002:00002b78       ??_C@_08EDHMEBNP@December@ 0000000180027b78     libucrt:nlsdata.obj
 0002:00002b84       ??_C@_02DEDBPAFC@AM@       0000000180027b84     libucrt:nlsdata.obj
 0002:00002b88       ??_C@_02CJNFDJBF@PM@       0000000180027b88     libucrt:nlsdata.obj
 0002:00002b90       ??_C@_08BPBNCDIB@MM?1dd?1yy@ 0000000180027b90     libucrt:nlsdata.obj
 0002:00002ba0       ??_C@_0BE@CKGJFCPC@dddd?0?5MMMM?5dd?0?5yyyy@ 0000000180027ba0     libucrt:nlsdata.obj
 0002:00002bb8       ??_C@_08JCCMCCIL@HH?3mm?3ss@ 0000000180027bb8     libucrt:nlsdata.obj
 0002:00002bc8       ??_C@_17MBGCMIPB@?$AAS?$AAu?$AAn@ 0000000180027bc8     libucrt:nlsdata.obj
 0002:00002bd0       ??_C@_17KBOMKBF@?$AAM?$AAo?$AAn@ 0000000180027bd0     libucrt:nlsdata.obj
 0002:00002bd8       ??_C@_17BMKGEGOJ@?$AAT?$AAu?$AAe@ 0000000180027bd8     libucrt:nlsdata.obj
 0002:00002be0       ??_C@_17CJEDCEPE@?$AAW?$AAe?$AAd@ 0000000180027be0     libucrt:nlsdata.obj
 0002:00002be8       ??_C@_17PDPHAADD@?$AAT?$AAh?$AAu@ 0000000180027be8     libucrt:nlsdata.obj
 0002:00002bf0       ??_C@_17HFOLPPLP@?$AAF?$AAr?$AAi@ 0000000180027bf0     libucrt:nlsdata.obj
 0002:00002bf8       ??_C@_17GGIBDPIH@?$AAS?$AAa?$AAt@ 0000000180027bf8     libucrt:nlsdata.obj
 0002:00002c00       ??_C@_1O@IHNHDHPB@?$AAS?$AAu?$AAn?$AAd?$AAa?$AAy@ 0000000180027c00     libucrt:nlsdata.obj
 0002:00002c10       ??_C@_1O@MMNBFLIA@?$AAM?$AAo?$AAn?$AAd?$AAa?$AAy@ 0000000180027c10     libucrt:nlsdata.obj
 0002:00002c20       ??_C@_1BA@ENFBFFEK@?$AAT?$AAu?$AAe?$AAs?$AAd?$AAa?$AAy@ 0000000180027c20     libucrt:nlsdata.obj
 0002:00002c30       ??_C@_1BE@EBOGMDOH@?$AAW?$AAe?$AAd?$AAn?$AAe?$AAs?$AAd?$AAa?$AAy@ 0000000180027c30     libucrt:nlsdata.obj
 0002:00002c48       ??_C@_1BC@HHMNLIHE@?$AAT?$AAh?$AAu?$AAr?$AAs?$AAd?$AAa?$AAy@ 0000000180027c48     libucrt:nlsdata.obj
 0002:00002c60       ??_C@_1O@PDICJHAG@?$AAF?$AAr?$AAi?$AAd?$AAa?$AAy@ 0000000180027c60     libucrt:nlsdata.obj
 0002:00002c70       ??_C@_1BC@ENMNNPAJ@?$AAS?$AAa?$AAt?$AAu?$AAr?$AAd?$AAa?$AAy@ 0000000180027c70     libucrt:nlsdata.obj
 0002:00002c88       ??_C@_17DKNBKCHM@?$AAJ?$AAa?$AAn@ 0000000180027c88     libucrt:nlsdata.obj
 0002:00002c90       ??_C@_17LMDJEKJN@?$AAF?$AAe?$AAb@ 0000000180027c90     libucrt:nlsdata.obj
 0002:00002c98       ??_C@_17CKNLEDEC@?$AAM?$AAa?$AAr@ 0000000180027c98     libucrt:nlsdata.obj
 0002:00002ca0       ??_C@_17LFPOIHDD@?$AAA?$AAp?$AAr@ 0000000180027ca0     libucrt:nlsdata.obj
 0002:00002ca8       ??_C@_17PNNKMEED@?$AAM?$AAa?$AAy@ 0000000180027ca8     libucrt:nlsdata.obj
 0002:00002cb0       ??_C@_17KCJGOCPB@?$AAJ?$AAu?$AAn@ 0000000180027cb0     libucrt:nlsdata.obj
 0002:00002cb8       ??_C@_17IJPCKHK@?$AAJ?$AAu?$AAl@ 0000000180027cb8     libucrt:nlsdata.obj
 0002:00002cc0       ??_C@_17ICPELBCN@?$AAA?$AAu?$AAg@ 0000000180027cc0     libucrt:nlsdata.obj
 0002:00002cc8       ??_C@_17HCHCOKMG@?$AAS?$AAe?$AAp@ 0000000180027cc8     libucrt:nlsdata.obj
 0002:00002cd0       ??_C@_17FNLKOI@?$AAO?$AAc?$AAt@ 0000000180027cd0     libucrt:nlsdata.obj
 0002:00002cd8       ??_C@_17BBDMLCIG@?$AAN?$AAo?$AAv@ 0000000180027cd8     libucrt:nlsdata.obj
 0002:00002ce0       ??_C@_17EGKACKIF@?$AAD?$AAe?$AAc@ 0000000180027ce0     libucrt:nlsdata.obj
 0002:00002ce8       ??_C@_1BA@EFMEIEBA@?$AAJ?$AAa?$AAn?$AAu?$AAa?$AAr?$AAy@ 0000000180027ce8     libucrt:nlsdata.obj
 0002:00002cf8       ??_C@_1BC@JGDDFFAM@?$AAF?$AAe?$AAb?$AAr?$AAu?$AAa?$AAr?$AAy@ 0000000180027cf8     libucrt:nlsdata.obj
 0002:00002d10       ??_C@_1M@IKEENEDF@?$AAM?$AAa?$AAr?$AAc?$AAh@ 0000000180027d10     libucrt:nlsdata.obj
 0002:00002d20       ??_C@_1M@GJNLMHFD@?$AAA?$AAp?$AAr?$AAi?$AAl@ 0000000180027d20     libucrt:nlsdata.obj
 0002:00002d30       ??_C@_19EPFLPGAP@?$AAJ?$AAu?$AAn?$AAe@ 0000000180027d30     libucrt:nlsdata.obj
 0002:00002d40       ??_C@_19BIFMLPCD@?$AAJ?$AAu?$AAl?$AAy@ 0000000180027d40     libucrt:nlsdata.obj
 0002:00002d50       ??_C@_1O@PAHLKOAC@?$AAA?$AAu?$AAg?$AAu?$AAs?$AAt@ 0000000180027d50     libucrt:nlsdata.obj
 0002:00002d60       ??_C@_1BE@DKAAMBJL@?$AAS?$AAe?$AAp?$AAt?$AAe?$AAm?$AAb?$AAe?$AAr@ 0000000180027d60     libucrt:nlsdata.obj
 0002:00002d78       ??_C@_1BA@EPANDLNG@?$AAO?$AAc?$AAt?$AAo?$AAb?$AAe?$AAr@ 0000000180027d78     libucrt:nlsdata.obj
 0002:00002d88       ??_C@_1BC@BGLIFPF@?$AAN?$AAo?$AAv?$AAe?$AAm?$AAb?$AAe?$AAr@ 0000000180027d88     libucrt:nlsdata.obj
[...]
 0002:0000a020       $unwind$??$?RV<lambda_450d765d439847d4c735a33c368b5fc0>@@AEAV<lambda_44731a7d0e6d81c3e6aa82d741081786>@@V<lambda_601a2a7da3b7a96e9554ac7215c4b07c>@@@?$__crt_seh_guarded_call@P6AXH@Z@@QEAAP6AXH@Z$$QEAV<lambda_450d765d439847d4c735a33c368b5fc0>@@AEAV<lambda_44731a7d0e6d81c3e6aa82d741081786>@@$$QEAV<lambda_601a2a7da3b7a96e9554ac7215c4b07c>@@@Z 000000018002f020     libucrt:signal.obj
 0002:0000a044       $unwind$fclose             000000018002f044     libucrt:fclose.obj
 0002:0000a044       $unwind$_fflush_nolock     000000018002f044     libucrt:fflush.obj
 0002:0000a054       $unwind$?common_flush_all@@YAH_N@Z 000000018002f054     libucrt:fflush.obj
 0002:0000a05c       $unwind$??$?RV<lambda_842d9ff0dc9ef11c61343bbaebe7f885>@@AEAV<lambda_c5860995281e5c4ce005b3de8f5874ee>@@V<lambda_d90129c13df834fdcbf8d2b88dafcf2d>@@@?$__crt_seh_guarded_call@X@@QEAAX$$QEAV<lambda_842d9ff0dc9ef11c61343bbaebe7f885>@@AEAV<lambda_c5860995281e5c4ce005b3de8f5874ee>@@$$QEAV<lambda_d90129c13df834fdcbf8d2b88dafcf2d>@@@Z 000000018002f05c     libucrt:fflush.obj
 0002:0000a080       $unwind$??$?RV<lambda_886d6c58226a84441f68b9f2b8217b83>@@AEAV<lambda_ab61a845afdef5b7c387490eaf3616ee>@@V<lambda_f7f22ab5edc0698d5f6905b0d3f44752>@@@?$__crt_seh_guarded_call@X@@QEAAX$$QEAV<lambda_886d6c58226a84441f68b9f2b8217b83>@@AEAV<lambda_ab61a845afdef5b7c387490eaf3616ee>@@$$QEAV<lambda_f7f22ab5edc0698d5f6905b0d3f44752>@@@Z 000000018002f080     libucrt:fflush.obj
 0002:0000a0a8       $unwind$??$?RV<lambda_410d79af7f07d98d83a3f525b3859a53>@@AEAV<lambda_3e16ef9562a7dcce91392c22ab16ea36>@@V<lambda_38119f0e861e05405d8a144b9b982f0a>@@@?$__crt_seh_guarded_call@X@@QEAAX$$QEAV<lambda_410d79af7f07d98d83a3f525b3859a53>@@AEAV<lambda_3e16ef9562a7dcce91392c22ab16ea36>@@$$QEAV<lambda_38119f0e861e05405d8a144b9b982f0a>@@@Z 000000018002f0a8     libucrt:wsetlocale.obj
 0002:0000a0d0       $unwind$__acrt_update_thread_locale_data 000000018002f0d0     libucrt:locale_refcounting.obj
 0002:0000a0f4       $unwind$qsort              000000018002f0f4     libucrt:qsort.obj
 0002:0000a10c       $chain$4$qsort             000000018002f10c     libucrt:qsort.obj
 0002:0000a130       $chain$5$qsort             000000018002f130     libucrt:qsort.obj
 0002:0000a140       $unwind$strpbrk            000000018002f140     libucrt:strpbrk.obj
 0002:0000a150       $unwind$fallbackMethod     000000018002f150     libucrt:strpbrk.obj
 0002:0000a160       $unwind$_mbsdec_l          000000018002f160     libucrt:mbsdec.obj
 0002:0000a16c       $unwind$__acrt_GetStringTypeA 000000018002f16c     libucrt:getstringtypea.obj
 0002:0000a194       $unwind$__acrt_LCMapStringA 000000018002f194     libucrt:lcmapstringa.obj
 0002:0000a1a4       $unwind$?__acrt_LCMapStringA_stat@@YAHPEAU__crt_locale_pointers@@PEB_WKPEBDHPEADHHH@Z 000000018002f1a4     libucrt:lcmapstringa.obj
 0002:0000a1cc       $unwind$__acrt_lowio_destroy_handle_array 000000018002f1cc     libucrt:osfinfo.obj
 0002:0000a1dc       $unwind$__acrt_lowio_ensure_fh_exists 000000018002f1dc     libucrt:osfinfo.obj
 0002:0000a208       $unwind$_commit            000000018002f208     libucrt:commit.obj
 0002:0000a210       $unwind$??$?RV<lambda_a37b2b86f63e897a80ea819b0eb08c01>@@AEAV<lambda_38ce7e780aa69e748d6df282ebc68efe>@@V<lambda_99fb1378e971ab6e7edea83e3a7a83a2>@@@?$__crt_seh_guarded_call@H@@QEAAH$$QEAV<lambda_a37b2b86f63e897a80ea819b0eb08c01>@@AEAV<lambda_38ce7e780aa69e748d6df282ebc68efe>@@$$QEAV<lambda_99fb1378e971ab6e7edea83e3a7a83a2>@@@Z 000000018002f210     libucrt:commit.obj
 0002:0000a234       $unwind$_write_nolock      000000018002f234     libucrt:write.obj
 0002:0000a24c       $unwind$_write_internal    000000018002f24c     libucrt:write.obj
 0002:0000a27c       $unwind$?write_double_translated_ansi_nolock@@YA?AUwrite_result@?A0x17268360@@HQEBDIAEAV__crt_cached_ptd_host@@@Z 000000018002f27c     libucrt:write.obj
 0002:0000a2a8       $ip2state$?write_double_translated_ansi_nolock@@YA?AUwrite_result@?A0x17268360@@HQEBDIAEAV__crt_cached_ptd_host@@@Z 000000018002f2a8     libucrt:write.obj
 0002:0000a2b0       $unwind$?write_text_ansi_nolock@@YA?AUwrite_result@?A0x17268360@@HQEBDI@Z 000000018002f2b0     libucrt:write.obj
 0002:0000a2b0       $unwind$?write_text_utf16le_nolock@@YA?AUwrite_result@?A0x17268360@@HQEBDI@Z 000000018002f2b0     libucrt:write.obj
 0002:0000a2d0       $unwind$?write_text_utf8_nolock@@YA?AUwrite_result@?A0x17268360@@HQEBDI@Z 000000018002f2d0     libucrt:write.obj
 0002:0000a2f4       $unwind$_fcloseall         000000018002f2f4     libucrt:closeall.obj
 0002:0000a318       $unwind$?__mbsrtowcs_utf8@__crt_mbstring@@YA_KPEA_WPEAPEBD_KPEAU_Mbstatet@@AEAV__crt_cached_ptd_host@@@Z 000000018002f318     libucrt:mbrtowc.obj
 0002:0000a330       $unwind$__acrt_locale_free_monetary 000000018002f330     libucrt:initmon.obj
 0002:0000a338       $unwind$__acrt_locale_free_time 000000018002f338     libucrt:inittime.obj
 0002:0000a348       $unwind$_putwch_nolock     000000018002f348     libucrt:putwch.obj
 0002:0000a350       $unwind$?_fclose_nolock_internal@@YAHQEAU_iobuf@@AEAV__crt_cached_ptd_host@@@Z 000000018002f350     libucrt:fclose.obj
 0002:0000a360       $unwind$?_fclose_internal@@YAHQEAU_iobuf@@AEAV__crt_cached_ptd_host@@@Z 000000018002f360     libucrt:fclose.obj
 0002:0000a388       $xdatasym                  000000018002f388     libucrt:log10.obj
 0002:0000a394       $unwind$?__mbrtoc32_utf8@__crt_mbstring@@YA_KPEA_UPEBD_KPEAU_Mbstatet@@AEAV__crt_cached_ptd_host@@@Z 000000018002f394     libucrt:mbrtoc32.obj
 0002:0000a3b0       $unwind$_close_internal    000000018002f3b0     libucrt:close.obj
 0002:0000a3b8       $unwind$??$?RV<lambda_ad8af0d99a0adf03d037d7dffe354bb5>@@AEAV<lambda_c9ba49e555ba839a7b07aa3fbecb7617>@@V<lambda_2f1ebd5d68526518146ae959c9e734c8>@@@?$__crt_seh_guarded_call@H@@QEAAH$$QEAV<lambda_ad8af0d99a0adf03d037d7dffe354bb5>@@AEAV<lambda_c9ba49e555ba839a7b07aa3fbecb7617>@@$$QEAV<lambda_2f1ebd5d68526518146ae959c9e734c8>@@@Z 000000018002f3b8     libucrt:close.obj
 0002:0000a3dc       $unwind$_call_matherr      000000018002f3dc     libucrt:libm_error.obj
 0002:0000a3e4       $unwind$_handle_error      000000018002f3e4     libucrt:libm_error.obj
 0002:0000a404       $unwind$__acrt_initialize_fma3 000000018002f404     libucrt:fma3_available.obj
 0002:0000a40c       $unwind$_log_special_common 000000018002f40c     libucrt:log_special.obj
 0002:0000a418       $xdatasym                  000000018002f418     libucrt:fpsr.obj
 0002:0000a420       $unwind$_raise_exc_ex      000000018002f420     libucrt:fpexcept.obj
 0002:0000a434       $unwind$_ctrlfp            000000018002f434     libucrt:fpctrl.obj
 0002:0000a45c       $unwind$_IsNonwritableInCurrentImage 000000018002f45c     LIBCMT:pesect.obj
 0002:0000a480       $xdatasym                  000000018002f480     LIBCMT:chkstk.obj
 0002:0000a510       .edata                     000000018002f510     lzo2.exp
 0002:0000a538       rgpv                       000000018002f538     lzo2.exp
 0002:0000a6a8       rgszName                   000000018002f6a8     lzo2.exp
 0002:0000a818       rgwOrd                     000000018002f818     lzo2.exp
 0002:0000a8d0       szName                     000000018002f8d0     lzo2.exp
 0002:0000a8d9       $N00001                    000000018002f8d9     lzo2.exp
 0002:0000a8e9       $N00002                    000000018002f8e9     lzo2.exp
 0002:0000a8f7       $N00003                    000000018002f8f7     lzo2.exp
 0002:0000a908       $N00004                    000000018002f908     lzo2.exp
 0002:0000a91a       $N00005                    000000018002f91a     lzo2.exp
 0002:0000a92c       $N00006                    000000018002f92c     lzo2.exp
 0002:0000a940       $N00007                    000000018002f940     lzo2.exp
 0002:0000a951       $N00008                    000000018002f951     lzo2.exp
 0002:0000a95f       $N00009                    000000018002f95f     lzo2.exp
 0002:0000a96f       $N00010                    000000018002f96f     lzo2.exp
 0002:0000a979       $N00011                    000000018002f979     lzo2.exp
 0002:0000a98b       $N00012                    000000018002f98b     lzo2.exp
 0002:0000a99a       $N00013                    000000018002f99a     lzo2.exp
 0002:0000a9ab       $N00014                    000000018002f9ab     lzo2.exp
 0002:0000a9b6       $N00015                    000000018002f9b6     lzo2.exp
 0002:0000a9c7       $N00016                    000000018002f9c7     lzo2.exp
 0002:0000a9d8       $N00017                    000000018002f9d8     lzo2.exp
 0002:0000a9e9       $N00018                    000000018002f9e9     lzo2.exp
 0002:0000a9fa       $N00019                    000000018002f9fa     lzo2.exp
 0002:0000aa0b       $N00020                    000000018002fa0b     lzo2.exp
 0002:0000aa1c       $N00021                    000000018002fa1c     lzo2.exp
 0002:0000aa2d       $N00022                    000000018002fa2d     lzo2.exp
 0002:0000aa3e       $N00023                    000000018002fa3e     lzo2.exp
 0002:0000aa51       $N00024                    000000018002fa51     lzo2.exp
 0002:0000aa6d       $N00025                    000000018002fa6d     lzo2.exp
 0002:0000aa7f       $N00026                    000000018002fa7f     lzo2.exp
 0002:0000aa90       $N00027                    000000018002fa90     lzo2.exp
 0002:0000aa9f       $N00028                    000000018002fa9f     lzo2.exp
 0002:0000aab0       $N00029                    000000018002fab0     lzo2.exp
 0002:0000aac6       $N00030                    000000018002fac6     lzo2.exp
 0002:0000aad7       $N00031                    000000018002fad7     lzo2.exp
 0002:0000aae8       $N00032                    000000018002fae8     lzo2.exp
 0002:0000aaf9       $N00033                    000000018002faf9     lzo2.exp
 0002:0000ab0a       $N00034                    000000018002fb0a     lzo2.exp
 0002:0000ab1b       $N00035                    000000018002fb1b     lzo2.exp
 0002:0000ab2c       $N00036                    000000018002fb2c     lzo2.exp
 0002:0000ab3d       $N00037                    000000018002fb3d     lzo2.exp
 0002:0000ab4e       $N00038                    000000018002fb4e     lzo2.exp
 0002:0000ab61       $N00039                    000000018002fb61     lzo2.exp
 0002:0000ab7d       $N00040                    000000018002fb7d     lzo2.exp
 0002:0000ab8f       $N00041                    000000018002fb8f     lzo2.exp
 0002:0000aba0       $N00042                    000000018002fba0     lzo2.exp
 0002:0000abaf       $N00043                    000000018002fbaf     lzo2.exp
 0002:0000abc0       $N00044                    000000018002fbc0     lzo2.exp
 0002:0000abd6       $N00045                    000000018002fbd6     lzo2.exp
 0002:0000abe7       $N00046                    000000018002fbe7     lzo2.exp
 0002:0000abfa       $N00047                    000000018002fbfa     lzo2.exp
 0002:0000ac16       $N00048                    000000018002fc16     lzo2.exp
 0002:0000ac27       $N00049                    000000018002fc27     lzo2.exp
 0002:0000ac3d       $N00050                    000000018002fc3d     lzo2.exp
 0002:0000ac51       $N00051                    000000018002fc51     lzo2.exp
 0002:0000ac65       $N00052                    000000018002fc65     lzo2.exp
 0002:0000ac79       $N00053                    000000018002fc79     lzo2.exp
 0002:0000ac8a       $N00054                    000000018002fc8a     lzo2.exp
 0002:0000ac9d       $N00055                    000000018002fc9d     lzo2.exp
 0002:0000acb5       $N00056                    000000018002fcb5     lzo2.exp
 0002:0000acd1       $N00057                    000000018002fcd1     lzo2.exp
 0002:0000acea       $N00058                    000000018002fcea     lzo2.exp
 0002:0000acfb       $N00059                    000000018002fcfb     lzo2.exp
 0002:0000ad16       $N00060                    000000018002fd16     lzo2.exp
 0002:0000ad2c       $N00061                    000000018002fd2c     lzo2.exp
 0002:0000ad3b       $N00062                    000000018002fd3b     lzo2.exp
 0002:0000ad4c       $N00063                    000000018002fd4c     lzo2.exp
 0002:0000ad5f       $N00064                    000000018002fd5f     lzo2.exp
 0002:0000ad77       $N00065                    000000018002fd77     lzo2.exp
 0002:0000ad93       $N00066                    000000018002fd93     lzo2.exp
 0002:0000adac       $N00067                    000000018002fdac     lzo2.exp
 0002:0000adbd       $N00068                    000000018002fdbd     lzo2.exp
 0002:0000add8       $N00069                    000000018002fdd8     lzo2.exp
 0002:0000adee       $N00070                    000000018002fdee     lzo2.exp
 0002:0000adfd       $N00071                    000000018002fdfd     lzo2.exp
 0002:0000ae10       $N00072                    000000018002fe10     lzo2.exp
 0002:0000ae28       $N00073                    000000018002fe28     lzo2.exp
 0002:0000ae44       $N00074                    000000018002fe44     lzo2.exp
 0002:0000ae5d       $N00075                    000000018002fe5d     lzo2.exp
 0002:0000ae6e       $N00076                    000000018002fe6e     lzo2.exp
 0002:0000ae89       $N00077                    000000018002fe89     lzo2.exp
 0002:0000ae9f       $N00078                    000000018002fe9f     lzo2.exp
 0002:0000aeb2       $N00079                    000000018002feb2     lzo2.exp
 0002:0000aece       $N00080                    000000018002fece     lzo2.exp
 0002:0000aedf       $N00081                    000000018002fedf     lzo2.exp
 0002:0000aef5       $N00082                    000000018002fef5     lzo2.exp
 0002:0000af01       $N00083                    000000018002ff01     lzo2.exp
 0002:0000af0f       $N00084                    000000018002ff0f     lzo2.exp
 0002:0000af19       $N00085                    000000018002ff19     lzo2.exp
 0002:0000af2d       $N00086                    000000018002ff2d     lzo2.exp
 0002:0000af38       $N00087                    000000018002ff38     lzo2.exp
 0002:0000af43       $N00088                    000000018002ff43     lzo2.exp
 0002:0000af4f       $N00089                    000000018002ff4f     lzo2.exp
 0002:0000af5a       $N00090                    000000018002ff5a     lzo2.exp
 0002:0000af66       $N00091                    000000018002ff66     lzo2.exp
 0002:0000af77       $N00092                    000000018002ff77     lzo2.exp
 0002:0000b370       .idata$6                   0000000180030370     kernel32:KERNEL32.dll
 0003:00000030       ?__vcrt_flsindex@@3KA      0000000180031030     libvcruntime:per_thread_data.obj
 0003:00000050       ?__acrt_flsindex@@3KA      0000000180031050     libucrt:per_thread_data.obj
 0003:00000054       ?errno_no_memory@@3HA      0000000180031054     libucrt:errno.obj
 0003:00000058       ?doserrno_no_memory@@3KA   0000000180031058     libucrt:errno.obj
 0003:00000290       _mbctypes                  0000000180031290     libucrt:mbctype.obj
 0003:000003a0       _mbcasemaps                00000001800313a0     libucrt:mbctype.obj
 0003:000004a0       ?__rgctypeflag@@3PADA      00000001800314a0     libucrt:mbctype.obj
 0003:000004b0       ?__rgcode_page_info@@3PAUcode_page_info@@A 00000001800314b0     libucrt:mbctype.obj
 0003:000009c0       ?__dcrt_lowio_console_output_handle@@3PEAXEA 00000001800319c0     libucrt:initcon.obj
 0003:000009d0       ?dazSupported@?1??_ctrlfp@@9@9 00000001800319d0     libucrt:fpctrl.obj
 0003:00000a50       ?__proc_attached@@3HA      0000000180031a50     LIBCMT:dll_dllmain.obj
 0003:00000a60       GS_ExceptionRecord         0000000180031a60     LIBCMT:gs_report.obj
 0003:00000b00       GS_ContextRecord           0000000180031b00     LIBCMT:gs_report.obj
 0003:00001000       ?is_initialized_as_dll@@3_NA 0000000180032000     LIBCMT:utility.obj
 0003:00001001       ?module_local_atexit_table_initialized@@3_NA 0000000180032001     LIBCMT:utility.obj
 0003:00001008       ?module_local_atexit_table@@3U_onexit_table_t@@A 0000000180032008     LIBCMT:utility.obj
 0003:00001020       ?module_local_at_quick_exit_table@@3U_onexit_table_t@@A 0000000180032020     LIBCMT:utility.obj
 0003:00001088       ?heap@@3V_HeapManager@@A   0000000180032088     libvcruntime:undname.obj
 0003:000010b0       ?__vcrt_startup_thread_ptd@@3U__vcrt_ptd@@A 00000001800320b0     libvcruntime:per_thread_data.obj
 0003:00001130       __vcrt_lock_table          0000000180032130     libvcruntime:locks.obj
 0003:00001158       __vcrt_locks_initialized   0000000180032158     libvcruntime:locks.obj
 0003:00001160       ?module_handles@@3PAPEAUHINSTANCE__@@A 0000000180032160     libvcruntime:winapi_downlevel.obj
 0003:00001178       ?function_pointers@@3PAPEAXA 0000000180032178     libvcruntime:winapi_downlevel.obj
 0003:000011a8       ?c_termination_complete@@3JA 00000001800321a8     libucrt:exit.obj
 0003:000011b0       ?thread_local_exit_callback_func@@3P6AXPEAXK0@ZEA 00000001800321b0     libucrt:exit.obj
 0003:000011c0       ?program_name@?1???$common_configure_argv@D@@YAHW4_crt_argv_mode@@@Z@4PADA 00000001800321c0     libucrt:argv_parsing.obj
 0003:00001320       ?__acrt_lock_table@@3PAU_RTL_CRITICAL_SECTION@@A 0000000180032320     libucrt:locks.obj
 0003:00001550       ?__acrt_locks_initialized@@3IA 0000000180032550     libucrt:locks.obj
 0003:00001558       ?__acrt_invalid_parameter_handler@@3V?$dual_state_global@P6AXPEB_W00I_K@Z@__crt_state_management@@A 0000000180032558     libucrt:invalid_parameter.obj
 0003:00001578       ?fSystemSet@@3HA           0000000180032578     libucrt:mbctype.obj
 0003:0000157c       ?initialized@?1??__acrt_initialize_multibyte@@9@4_NA 000000018003257c     libucrt:mbctype.obj
 0003:000015b0       ?module_handles@@3PAPEAUHINSTANCE__@@A 00000001800325b0     libucrt:winapi_thunks.obj
 0003:00001650       ?encoded_function_pointers@@3PAPEAXA 0000000180032650     libucrt:winapi_thunks.obj
 0003:00001b58       ?__acrt_new_handler@@3V?$dual_state_global@P6AH_K@Z@__crt_state_management@@A 0000000180032b58     libucrt:new_handler.obj
 0003:00001b60       ?ctrlc_action@@3V?$dual_state_global@P6AXH@Z@__crt_state_management@@A 0000000180032b60     libucrt:signal.obj
 0003:00001b68       ?ctrlbreak_action@@3V?$dual_state_global@P6AXH@Z@__crt_state_management@@A 0000000180032b68     libucrt:signal.obj
 0003:00001b70       ?abort_action@@3V?$dual_state_global@P6AXH@Z@__crt_state_management@@A 0000000180032b70     libucrt:signal.obj
 0003:00001b78       ?term_action@@3V?$dual_state_global@P6AXH@Z@__crt_state_management@@A 0000000180032b78     libucrt:signal.obj
 0003:00001b80       ?user_matherr@@3V?$dual_state_global@P6AHPEAU_exception@@@Z@__crt_state_management@@A 0000000180032b80     libucrt:matherr.obj
 0003:00001bb0       ?internal_state@?1??_mbtowc_internal@@9@4U_Mbstatet@@A 0000000180032bb0     libucrt:mbtowc.obj
 0003:00001bbc       ?__acrt_global_new_mode@@3V?$dual_state_global@J@__crt_state_management@@A 0000000180032bbc     libucrt:new_mode.obj
 0003:00001bc8       ?__acrt_app_type@@3W4_crt_app_type@@A 0000000180032bc8     libucrt:report_runtime_error.obj
 0003:00001bd0       ?internal_pst@?1??__mbrtoc32_utf8@__crt_mbstring@@YA_KPEA_UPEBD_KPEAU_Mbstatet@@AEAV__crt_cached_ptd_host@@@Z@4U3@A 0000000180032bd0     libucrt:mbrtoc32.obj
 0005:00000000       MoveSmall                  0000000180035000     libvcruntime:memcpy.obj
 0005:00000040       MoveSmallYmm               0000000180035040     libvcruntime:memcpy.obj
 0005:00000064       MoveSmallYmmNT             0000000180035064     libvcruntime:memcpy.obj
 0005:00000088       MoveSmallXmm               0000000180035088     libvcruntime:memcpy.obj
 0005:000000b0       SetSmall                   00000001800350b0     libvcruntime:memset.obj
 0005:000000f0       SetSmallYmm                00000001800350f0     libvcruntime:memset.obj
 0005:00000114       SetSmallYmmNT              0000000180035114     libvcruntime:memset.obj
 0005:00000138       SetSmallXmm                0000000180035138     libvcruntime:memset.obj
